Component: ARM Compiler 5.05 update 1 (build 106) Tool: armlink [4d0efa]

==============================================================================

Section Cross References

    main.o(i.MainInit) refers to misc.o(i.NVIC_PriorityGroupConfig) for NVIC_PriorityGroupConfig
    main.o(i.MainInit) refers to delay.o(i.delay_init) for delay_init
    main.o(i.MainInit) refers to led.o(i.LED_Init) for LED_Init
    main.o(i.MainInit) refers to key.o(i.KEY_Init) for KEY_Init
    main.o(i.MainInit) refers to comother.o(i.COM_PCInit) for COM_PCInit
    main.o(i.MainInit) refers to speedcontrol.o(i.SPEEDC_PidInit) for SPEEDC_PidInit
    main.o(i.MainInit) refers to positioncontrol.o(i.POSITIONC_PidDeInit) for POSITIONC_PidDeInit
    main.o(i.MainInit) refers to usart.o(i.USART1_InitWithDma) for USART1_InitWithDma
    main.o(i.MainInit) refers to moter.o(i.MOTOR_PWM_Init) for MOTOR_PWM_Init
    main.o(i.MainInit) refers to gyroscope.o(i.HWT101_Init) for HWT101_Init
    main.o(i.MainInit) refers to tim6.o(i.TIM6_TimingInit) for TIM6_TimingInit
    main.o(i.MainInit) refers to sensor.o(i.SENSOR_Init) for SENSOR_Init
    main.o(i.MainInit) refers to encodercontrol.o(i.ENCODER_Init) for ENCODER_Init
    main.o(i.MainInit) refers to delay.o(i.delay_ms) for delay_ms
    main.o(i.main) refers to main.o(i.MainInit) for MainInit
    main.o(i.main) refers to runrace.o(i.RACE_RunSome) for RACE_RunSome
    main.o(i.main) refers to delay.o(i.delay_ms) for delay_ms
    system_stm32f4xx.o(i.SystemCoreClockUpdate) refers to system_stm32f4xx.o(.data) for .data
    system_stm32f4xx.o(i.SystemInit) refers to system_stm32f4xx.o(i.SetSysClock) for SetSysClock
    runrace.o(i.RACE_Position0) refers to runrace.o(i.RACE_RunWithDelay) for RACE_RunWithDelay
    runrace.o(i.RACE_Position0) refers to delay.o(i.delay_ms) for delay_ms
    runrace.o(i.RACE_Position1) refers to runrace.o(i.RACE_RunWithDelay) for RACE_RunWithDelay
    runrace.o(i.RACE_Position1) refers to delay.o(i.delay_ms) for delay_ms
    runrace.o(i.RACE_Position1) refers to printfa.o(i.__0printf) for __2printf
    runrace.o(i.RACE_Position1) refers to armmove.o(i.ARMM_Position1_GetBottom) for ARMM_Position1_GetBottom
    runrace.o(i.RACE_Position2) refers to runrace.o(i.RACE_RunWithDelay) for RACE_RunWithDelay
    runrace.o(i.RACE_Position2) refers to delay.o(i.delay_ms) for delay_ms
    runrace.o(i.RACE_Position2) refers to armmove.o(i.ARMM_Position2_PutTop) for ARMM_Position2_PutTop
    runrace.o(i.RACE_Position2) refers to armmove.o(i.ARMM_Position2_GetAgain) for ARMM_Position2_GetAgain
    runrace.o(i.RACE_Position2) refers to runrace.o(.data) for .data
    runrace.o(i.RACE_Position3) refers to runrace.o(i.RACE_RunWithDelay) for RACE_RunWithDelay
    runrace.o(i.RACE_Position3) refers to delay.o(i.delay_ms) for delay_ms
    runrace.o(i.RACE_Position3) refers to armmove.o(i.ARMM_Position3_Stack) for ARMM_Position3_Stack
    runrace.o(i.RACE_Position3) refers to runrace.o(.data) for .data
    runrace.o(i.RACE_RePosition1) refers to runrace.o(i.RACE_RunWithDelay) for RACE_RunWithDelay
    runrace.o(i.RACE_RePosition1) refers to delay.o(i.delay_ms) for delay_ms
    runrace.o(i.RACE_RePosition2) refers to runrace.o(i.RACE_RunWithDelay) for RACE_RunWithDelay
    runrace.o(i.RACE_RePosition2) refers to delay.o(i.delay_ms) for delay_ms
    runrace.o(i.RACE_RePosition2) refers to armmove.o(i.ARMM_RePosition2_PutTop) for ARMM_RePosition2_PutTop
    runrace.o(i.RACE_RePosition2) refers to armmove.o(i.ARMM_RePosition2_GetAgain) for ARMM_RePosition2_GetAgain
    runrace.o(i.RACE_RePosition2) refers to runrace.o(.data) for .data
    runrace.o(i.RACE_RePosition3) refers to runrace.o(i.RACE_RunWithDelay) for RACE_RunWithDelay
    runrace.o(i.RACE_RePosition3) refers to delay.o(i.delay_ms) for delay_ms
    runrace.o(i.RACE_RePosition3) refers to armmove.o(i.ARMM_Position3_Stack) for ARMM_Position3_Stack
    runrace.o(i.RACE_RePosition3) refers to runrace.o(.data) for .data
    runrace.o(i.RACE_RunLessDelay) refers to positioncontrol.o(i.POSITONC_SetCarGoTo) for POSITONC_SetCarGoTo
    runrace.o(i.RACE_RunLessDelay) refers to delay.o(i.delay_ms) for delay_ms
    runrace.o(i.RACE_RunMoreDelay) refers to positioncontrol.o(i.POSITONC_SetCarGoTo) for POSITONC_SetCarGoTo
    runrace.o(i.RACE_RunMoreDelay) refers to delay.o(i.delay_ms) for delay_ms
    runrace.o(i.RACE_RunPoint) refers to runrace.o(i.RACE_RunWithDelay) for RACE_RunWithDelay
    runrace.o(i.RACE_RunPoint) refers to delay.o(i.delay_ms) for delay_ms
    runrace.o(i.RACE_RunSome) refers to runrace.o(i.RACE_Position0) for RACE_Position0
    runrace.o(i.RACE_RunSome) refers to runrace.o(i.RACE_Position1) for RACE_Position1
    runrace.o(i.RACE_RunSome) refers to runrace.o(i.RACE_Position2) for RACE_Position2
    runrace.o(i.RACE_RunSome) refers to runrace.o(i.RACE_Position3) for RACE_Position3
[...]
    i.TIM_SetCompare1                        0x08003c60   Section        0  stm32f4xx_tim.o(i.TIM_SetCompare1)
    i.TIM_SetCompare2                        0x08003c64   Section        0  stm32f4xx_tim.o(i.TIM_SetCompare2)
    i.TIM_SetCompare3                        0x08003c68   Section        0  stm32f4xx_tim.o(i.TIM_SetCompare3)
    i.TIM_SetCompare4                        0x08003c6c   Section        0  stm32f4xx_tim.o(i.TIM_SetCompare4)
    i.TIM_SetCounter                         0x08003c70   Section        0  stm32f4xx_tim.o(i.TIM_SetCounter)
    i.TIM_SetIC1Prescaler                    0x08003c74   Section        0  stm32f4xx_tim.o(i.TIM_SetIC1Prescaler)
    i.TIM_SetIC2Prescaler                    0x08003c84   Section        0  stm32f4xx_tim.o(i.TIM_SetIC2Prescaler)
    i.TIM_SetIC3Prescaler                    0x08003c9c   Section        0  stm32f4xx_tim.o(i.TIM_SetIC3Prescaler)
    i.TIM_SetIC4Prescaler                    0x08003cac   Section        0  stm32f4xx_tim.o(i.TIM_SetIC4Prescaler)
    i.TIM_TimeBaseInit                       0x08003cc4   Section        0  stm32f4xx_tim.o(i.TIM_TimeBaseInit)
    i.TRACE_UpdatB                           0x08003d40   Section        0  trace.o(i.TRACE_UpdatB)
    i.TRACE_UpdatF                           0x08003d84   Section        0  trace.o(i.TRACE_UpdatF)
    i.TRACE_UpdatL                           0x08003dd4   Section        0  trace.o(i.TRACE_UpdatL)
    i.TRACE_UpdatLoop                        0x08003e14   Section        0  trace.o(i.TRACE_UpdatLoop)
    i.TRACE_UpdatR                           0x08003e2c   Section        0  trace.o(i.TRACE_UpdatR)
    i.Trace_FindBlackNum                     0x08003e6c   Section        0  trace.o(i.Trace_FindBlackNum)
    i.USART1_DmaConfig                       0x08003e88   Section        0  usart.o(i.USART1_DmaConfig)
    i.USART1_DmaLoop                         0x08003f28   Section        0  usart.o(i.USART1_DmaLoop)
    i.USART1_DmaSendData                     0x08003f68   Section        0  usart.o(i.USART1_DmaSendData)
    i.USART1_IRQHandler                      0x08003f98   Section        0  usart.o(i.USART1_IRQHandler)
    i.USART1_Init                            0x08003fdc   Section        0  usart.o(i.USART1_Init)
    i.USART1_InitWithDma                     0x08004098   Section        0  usart.o(i.USART1_InitWithDma)
    i.USART2_IRQHandler                      0x080040d0   Section        0  gyroscope.o(i.USART2_IRQHandler)
    i.USART3_IRQHandler                      0x08004318   Section        0  comother.o(i.USART3_IRQHandler)
    i.USART_ClearFlag                        0x08004554   Section        0  stm32f4xx_usart.o(i.USART_ClearFlag)
    i.USART_ClearITPendingBit                0x0800455a   Section        0  stm32f4xx_usart.o(i.USART_ClearITPendingBit)
    i.USART_Cmd                              0x08004566   Section        0  stm32f4xx_usart.o(i.USART_Cmd)
    i.USART_DMACmd                           0x0800457a   Section        0  stm32f4xx_usart.o(i.USART_DMACmd)
    i.USART_GetFlagStatus                    0x0800458a   Section        0  stm32f4xx_usart.o(i.USART_GetFlagStatus)
    i.USART_GetITStatus                      0x08004598   Section        0  stm32f4xx_usart.o(i.USART_GetITStatus)
    i.USART_ITConfig                         0x080045d6   Section        0  stm32f4xx_usart.o(i.USART_ITConfig)
    i.USART_Init                             0x08004608   Section        0  stm32f4xx_usart.o(i.USART_Init)
    i.USART_ReceiveData                      0x080046b4   Section        0  stm32f4xx_usart.o(i.USART_ReceiveData)
    i.UsageFault_Handler                     0x080046bc   Section        0  stm32f4xx_it.o(i.UsageFault_Handler)
    i.__0printf                              0x080046c0   Section        0  printfa.o(i.__0printf)
    i.__ARM_fpclassify                       0x080046e0   Section        0  fpclassify.o(i.__ARM_fpclassify)
    i.__ARM_fpclassifyf                      0x08004710   Section        0  fpclassifyf.o(i.__ARM_fpclassifyf)
    i.__hardfp_cos                           0x08004738   Section        0  cos.o(i.__hardfp_cos)
    i.__hardfp_cosf                          0x08004800   Section        0  cosf.o(i.__hardfp_cosf)
    i.__hardfp_sin                           0x08004950   Section        0  sin.o(i.__hardfp_sin)
    i.__hardfp_sinf                          0x08004a18   Section        0  sinf.o(i.__hardfp_sinf)
    i.__hardfp_sqrtf                         0x08004ba8   Section        0  sqrtf.o(i.__hardfp_sqrtf)
    i.__ieee754_rem_pio2                     0x08004be8   Section        0  rred.o(i.__ieee754_rem_pio2)
    i.__kernel_cos                           0x08005020   Section        0  cos_i.o(i.__kernel_cos)
    i.__kernel_poly                          0x08005190   Section        0  poly.o(i.__kernel_poly)
    i.__kernel_sin                           0x08005288   Section        0  sin_i.o(i.__kernel_sin)
    i.__mathlib_dbl_infnan                   0x080053b8   Section        0  dunder.o(i.__mathlib_dbl_infnan)
    i.__mathlib_dbl_invalid                  0x080053d0   Section        0  dunder.o(i.__mathlib_dbl_invalid)
    i.__mathlib_dbl_underflow                0x080053f0   Section        0  dunder.o(i.__mathlib_dbl_underflow)
    i.__mathlib_flt_infnan                   0x08005410   Section        0  funder.o(i.__mathlib_flt_infnan)
    i.__mathlib_flt_invalid                  0x08005418   Section        0  funder.o(i.__mathlib_flt_invalid)
    i.__mathlib_flt_underflow                0x08005428   Section        0  funder.o(i.__mathlib_flt_underflow)
    i.__mathlib_rredf2                       0x08005438   Section        0  rredf.o(i.__mathlib_rredf2)
    i.__scatterload_copy                     0x0800558c   Section       14  handlers.o(i.__scatterload_copy)
    i.__scatterload_null                     0x0800559a   Section        2  handlers.o(i.__scatterload_null)
    i.__scatterload_zeroinit                 0x0800559c   Section       14  handlers.o(i.__scatterload_zeroinit)
    i.__set_errno                            0x080055ac   Section        0  errno.o(i.__set_errno)
    i._fp_digits                             0x080055b8   Section        0  printfa.o(i._fp_digits)
    _fp_digits                               0x080055b9   Thumb Code   334  printfa.o(i._fp_digits)
    i._printf_core                           0x0800571c   Section        0  printfa.o(i._printf_core)
    _printf_core                             0x0800571d   Thumb Code  1744  printfa.o(i._printf_core)
    i._printf_post_padding                   0x08005df8   Section        0  printfa.o(i._printf_post_padding)
    _printf_post_padding                     0x08005df9   Thumb Code    36  printfa.o(i._printf_post_padding)
    i._printf_pre_padding                    0x08005e1c   Section        0  printfa.o(i._printf_pre_padding)
    _printf_pre_padding                      0x08005e1d   Thumb Code    46  printfa.o(i._printf_pre_padding)
    i.delay_init                             0x08005e4c   Section        0  delay.o(i.delay_init)
    i.delay_ms                               0x08005e78   Section        0  delay.o(i.delay_ms)
    i.delay_xms                              0x08005eac   Section        0  delay.o(i.delay_xms)
    i.fabs                                   0x08005ee0   Section        0  fabs.o(i.fabs)
    i.fputc                                  0x08005ef8   Section        0  usart.o(i.fputc)
    i.main                                   0x08005f2c   Section        0  main.o(i.main)
    i.usart3_send                            0x08005f3c   Section        0  comother.o(i.usart3_send)
    i.wait_Cam_Judge                         0x08005f50   Section        0  armmove.o(i.wait_Cam_Judge)
    .constdata                               0x08005fb0   Section       48  cos_i.o(.constdata)
    C                                        0x08005fb0   Data          48  cos_i.o(.constdata)
    .constdata                               0x08005fe0   Section      200  rred.o(.constdata)
    pio2s                                    0x08005fe0   Data          48  rred.o(.constdata)
    twooverpi                                0x08006010   Data         152  rred.o(.constdata)
    .constdata                               0x080060a8   Section       32  rredf.o(.constdata)
    twooverpi                                0x080060a8   Data          32  rredf.o(.constdata)
    .constdata                               0x080060c8   Section       40  sin_i.o(.constdata)
    S                                        0x080060c8   Data          40  sin_i.o(.constdata)
    .data                                    0x20000000   Section        6  runrace.o(.data)
    .data                                    0x20000006   Section        1  runrace.o(.data)
    .data                                    0x20000007   Section        1  runrace.o(.data)
    .data                                    0x20000008   Section        1  runrace.o(.data)
    .data                                    0x2000000a   Section       18  encodercontrol.o(.data)
    overflow_times_1                         0x20000016   Data           2  encodercontrol.o(.data)
    overflow_times_2                         0x20000018   Data           2  encodercontrol.o(.data)
    overflow_times_4                         0x2000001a   Data           2  encodercontrol.o(.data)
    .data                                    0x2000001c   Section        2  positioncontrol.o(.data)
    .data                                    0x20000020   Section        8  tim6.o(.data)
    TIM6_Times                               0x20000020   Data           8  tim6.o(.data)
    .data                                    0x20000028   Section       84  speedsolve.o(.data)
    temp                                     0x20000028   Data           4  speedsolve.o(.data)
    SPEEDS_DATA1                             0x2000002c   Data           4  speedsolve.o(.data)
    SPEEDS_DATA2                             0x20000030   Data           4  speedsolve.o(.data)
    SPEEDS_DATA3                             0x20000034   Data           4  speedsolve.o(.data)
    w1                                       0x20000038   Data           4  speedsolve.o(.data)
    w2                                       0x2000003c   Data           4  speedsolve.o(.data)
    w3                                       0x20000040   Data           4  speedsolve.o(.data)
    w4                                       0x20000044   Data           4  speedsolve.o(.data)
    angel_1                                  0x20000048   Data           4  speedsolve.o(.data)
    angel_2                                  0x2000004c   Data           4  speedsolve.o(.data)
    angel_3                                  0x20000050   Data           4  speedsolve.o(.data)
    angel_4                                  0x20000054   Data           4  speedsolve.o(.data)
    data_1                                   0x20000058   Data           4  speedsolve.o(.data)
    data_2                                   0x2000005c   Data           4  speedsolve.o(.data)
    data_3                                   0x20000060   Data           4  speedsolve.o(.data)
    Pulse_Solving4_Data_3                    0x20000064   Data           4  speedsolve.o(.data)
    Tras_value                               0x20000068   Data           4  speedsolve.o(.data)
    StepTemp1                                0x2000006c   Data           4  speedsolve.o(.data)
    StepTemp2                                0x20000070   Data           4  speedsolve.o(.data)
    StepTemp3                                0x20000074   Data           4  speedsolve.o(.data)
    StepTemp4                                0x20000078   Data           4  speedsolve.o(.data)
    .data                                    0x2000007c   Section        4  usart.o(.data)
    n                                        0x2000007c   Data           4  usart.o(.data)
    .data                                    0x20000080   Section        4  usart.o(.data)
    .data                                    0x20000084   Section       40  gyroscope.o(.data)
    DMA_HadOpen                              0x20000084   Data           1  gyroscope.o(.data)
    MpuYawWhichNew                           0x20000085   Data           1  gyroscope.o(.data)
    MPU_YawUpdated                           0x20000086   Data           1  gyroscope.o(.data)
    MPU_ErrState                             0x20000087   Data           1  gyroscope.o(.data)
    rec                                      0x20000088   Data           1  gyroscope.o(.data)
    MPU_UpdataRata                           0x2000008a   Data           2  gyroscope.o(.data)
    MpuYaw                                   0x2000008c   Data           4  gyroscope.o(.data)
    MpuYaw2                                  0x20000090   Data           4  gyroscope.o(.data)
    MpuYaw_Constant_1                        0x20000094   Data           4  gyroscope.o(.data)
    MpuYaw_Constant_2                        0x20000098   Data           4  gyroscope.o(.data)
    Mpu_TurnNum                              0x2000009c   Data           4  gyroscope.o(.data)
    MPU_StartYaw                             0x200000a4   Data           4  gyroscope.o(.data)
    HowManyDataRec                           0x200000a8   Data           4  gyroscope.o(.data)
    .data                                    0x200000ac   Section       62  comother.o(.data)
    .data                                    0x200000ec   Section       12  trace.o(.data)
    .data                                    0x200000f8   Section        4  delay.o(.data)
    fac_us                                   0x200000f8   Data           1  delay.o(.data)
    fac_ms                                   0x200000fa   Data           2  delay.o(.data)
    .data                                    0x200000fc   Section       16  stm32f4xx_rcc.o(.data)
    APBAHBPrescTable                         0x200000fc   Data          16  stm32f4xx_rcc.o(.data)
    .data                                    0x2000010c   Section        4  errno.o(.data)
    _errno                                   0x2000010c   Data           4  errno.o(.data)
    .bss                                     0x20000110   Section      336  speedcontrol.o(.bss)
    .bss                                     0x20000260   Section      336  positioncontrol.o(.bss)
    .bss                                     0x200003b0   Section       88  speedsolve.o(.bss)
    .bss                                     0x20000408   Section     8220  usart.o(.bss)
    USART1_DmaState_t                        0x20000408   Data        4104  usart.o(.bss)
    fifo_datas                               0x20001410   Data        4096  usart.o(.bss)
    USART1_PrintFifo                         0x20002410   Data          20  usart.o(.bss)
    .bss                                     0x20002424   Section      100  gyroscope.o(.bss)
    GyroscopeBuff                            0x20002424   Data         100  gyroscope.o(.bss)
    .bss                                     0x20002488   Section       24  gyroscope.o(.bss)
    .bss                                     0x200024a0   Section      152  comother.o(.bss)
    com_txbuff                               0x20002514   Data           9  comother.o(.bss)
    .bss                                     0x20002538   Section       80  trace.o(.bss)
    STACK                                    0x20002588   Section     1024  startup_stm32f40_41xxx.o(STACK)

    Global Symbols

    Symbol Name                              Value     Ov Type        Size  Object(Section)

    BuildAttributes$$THM_ISAv4$E$P$D$K$B$S$7EM$VFPi3$EXTD16$VFPS$VFMA$PE$A:L22UL41UL21$X:L11$S22US41US21$IEEE1$IW$USESV6$~STKCKD$USESV7$~SHL$OTIME$ROPI$IEEEX$EBA8$MICROLIB$REQ8$PRES8$EABIv2 0x00000000   Number         0  anon$$obj.o ABSOLUTE
    __ARM_use_no_argv                        0x00000000   Number         0  main.o ABSOLUTE
    __use_no_errno                           0x00000000   Number         0  useno.o ABSOLUTE
    __use_no_exception_handling              0x00000000   Number         0  useno.o ABSOLUTE
    __use_no_fp                              0x00000000   Number         0  useno.o ABSOLUTE
    __use_no_heap                            0x00000000   Number         0  useno.o ABSOLUTE
    __use_no_heap_region                     0x00000000   Number         0  useno.o ABSOLUTE
    __use_no_semihosting                     0x00000000   Number         0  useno.o ABSOLUTE
    __use_no_semihosting_swi                 0x00000000   Number         0  useno.o ABSOLUTE
    __use_no_signal_handling                 0x00000000   Number         0  useno.o ABSOLUTE
    _printf_a                                0x00000000   Number         0  stubs.o ABSOLUTE
    _printf_c                                0x00000000   Number         0  stubs.o ABSOLUTE
    _printf_charcount                        0x00000000   Number         0  stubs.o ABSOLUTE
    _printf_d                                0x00000000   Number         0  stubs.o ABSOLUTE
    _printf_e                                0x00000000   Number         0  stubs.o ABSOLUTE
    _printf_f                                0x00000000   Number         0  stubs.o ABSOLUTE
    _printf_flags                            0x00000000   Number         0  stubs.o ABSOLUTE
    _printf_fp_dec                           0x00000000   Number         0  stubs.o ABSOLUTE
    _printf_fp_hex                           0x00000000   Number         0  stubs.o ABSOLUTE
    _printf_g                                0x00000000   Number         0  stubs.o ABSOLUTE
    _printf_i                                0x00000000   Number         0  stubs.o ABSOLUTE
    _printf_int_dec                          0x00000000   Number         0  stubs.o ABSOLUTE
    _printf_l                                0x00000000   Number         0  stubs.o ABSOLUTE
    _printf_lc                               0x00000000   Number         0  stubs.o ABSOLUTE
    _printf_ll                               0x00000000   Number         0  stubs.o ABSOLUTE
    _printf_lld                              0x00000000   Number         0  stubs.o ABSOLUTE
    _printf_lli                              0x00000000   Number         0  stubs.o ABSOLUTE
    _printf_llo                              0x00000000   Number         0  stubs.o ABSOLUTE
    _printf_llu                              0x00000000   Number         0  stubs.o ABSOLUTE
    _printf_llx                              0x00000000   Number         0  stubs.o ABSOLUTE
    _printf_longlong_dec                     0x00000000   Number         0  stubs.o ABSOLUTE
    _printf_longlong_hex                     0x00000000   Number         0  stubs.o ABSOLUTE
    _printf_longlong_oct                     0x00000000   Number         0  stubs.o ABSOLUTE
    _printf_ls                               0x00000000   Number         0  stubs.o ABSOLUTE
    _printf_mbtowc                           0x00000000   Number         0  stubs.o ABSOLUTE
    _printf_n                                0x00000000   Number         0  stubs.o ABSOLUTE
    _printf_o                                0x00000000   Number         0  stubs.o ABSOLUTE
    _printf_p                                0x00000000   Number         0  stubs.o ABSOLUTE
    _printf_percent                          0x00000000   Number         0  stubs.o ABSOLUTE
    _printf_pre_padding                      0x00000000   Number         0  stubs.o ABSOLUTE
    _printf_return_value                     0x00000000   Number         0  stubs.o ABSOLUTE
    _printf_s                                0x00000000   Number         0  stubs.o ABSOLUTE
    _printf_sizespec                         0x00000000   Number         0  stubs.o ABSOLUTE
    _printf_str                              0x00000000   Number         0  stubs.o ABSOLUTE
    _printf_truncate_signed                  0x00000000   Number         0  stubs.o ABSOLUTE
    _printf_truncate_unsigned                0x00000000   Number         0  stubs.o ABSOLUTE
    _printf_u                                0x00000000   Number         0  stubs.o ABSOLUTE
    _printf_wc                               0x00000000   Number         0  stubs.o ABSOLUTE
    _printf_wctomb                           0x00000000   Number         0  stubs.o ABSOLUTE
    _printf_widthprec                        0x00000000   Number         0  stubs.o ABSOLUTE
    _printf_x                                0x00000000   Number         0  stubs.o ABSOLUTE
    __cpp_initialize__aeabi_                  - Undefined Weak Reference
    __cxa_finalize                            - Undefined Weak Reference
    __decompress                              - Undefined Weak Reference
    _clock_init                               - Undefined Weak Reference
    _microlib_exit                            - Undefined Weak Reference
    __Vectors_Size                           0x00000188   Number         0  startup_stm32f40_41xxx.o ABSOLUTE
    __Vectors                                0x08000000   Data           4  startup_stm32f40_41xxx.o(RESET)
    __Vectors_End                            0x08000188   Data           0  startup_stm32f40_41xxx.o(RESET)
    __main                                   0x08000189   Thumb Code     0  entry.o(.ARM.Collect$$$$00000000)
    _main_stk                                0x08000189   Thumb Code     0  entry2.o(.ARM.Collect$$$$00000001)
    _main_scatterload                        0x0800018d   Thumb Code     0  entry5.o(.ARM.Collect$$$$00000004)
    __main_after_scatterload                 0x08000191   Thumb Code     0  entry5.o(.ARM.Collect$$$$00000004)
    _main_clock                              0x08000191   Thumb Code     0  entry7b.o(.ARM.Collect$$$$00000008)
    _main_cpp_init                           0x08000191   Thumb Code     0  entry8b.o(.ARM.Collect$$$$0000000A)
    _main_init                               0x08000191   Thumb Code     0  entry9a.o(.ARM.Collect$$$$0000000B)
    __rt_final_cpp                           0x08000199   Thumb Code     0  entry10a.o(.ARM.Collect$$$$0000000D)
    __rt_final_exit                          0x08000199   Thumb Code     0  entry11a.o(.ARM.Collect$$$$0000000F)
    Reset_Handler                            0x0800019d   Thumb Code     8  startup_stm32f40_41xxx.o(.text)
    ADC_IRQHandler                           0x080001b7   Thumb Code     0  startup_stm32f40_41xxx.o(.text)
    CAN1_RX0_IRQHandler                      0x080001b7   Thumb Code     0  startup_stm32f40_41xxx.o(.text)
    CAN1_RX1_IRQHandler                      0x080001b7   Thumb Code     0  startup_stm32f40_41xxx.o(.text)
    CAN1_SCE_IRQHandler                      0x080001b7   Thumb Code     0  startup_stm32f40_41xxx.o(.text)
    CAN1_TX_IRQHandler                       0x080001b7   Thumb Code     0  startup_stm32f40_41xxx.o(.text)
    CAN2_RX0_IRQHandler                      0x080001b7   Thumb Code     0  startup_stm32f40_41xxx.o(.text)
    CAN2_RX1_IRQHandler                      0x080001b7   Thumb Code     0  startup_stm32f40_41xxx.o(.text)
    CAN2_SCE_IRQHandler                      0x080001b7   Thumb Code     0  startup_stm32f40_41xxx.o(.text)
    CAN2_TX_IRQHandler                       0x080001b7   Thumb Code     0  startup_stm32f40_41xxx.o(.text)
    CRYP_IRQHandler                          0x080001b7   Thumb Code     0  startup_stm32f40_41xxx.o(.text)
    DCMI_IRQHandler                          0x080001b7   Thumb Code     0  startup_stm32f40_41xxx.o(.text)
    DMA1_Stream0_IRQHandler                  0x080001b7   Thumb Code     0  startup_stm32f40_41xxx.o(.text)
    DMA1_Stream1_IRQHandler                  0x080001b7   Thumb Code     0  startup_stm32f40_41xxx.o(.text)
    DMA1_Stream2_IRQHandler                  0x080001b7   Thumb Code     0  startup_stm32f40_41xxx.o(.text)
    DMA1_Stream3_IRQHandler                  0x080001b7   Thumb Code     0  startup_stm32f40_41xxx.o(.text)
    DMA1_Stream4_IRQHandler                  0x080001b7   Thumb Code     0  startup_stm32f40_41xxx.o(.text)
    DMA1_Stream6_IRQHandler                  0x080001b7   Thumb Code     0  startup_stm32f40_41xxx.o(.text)
    DMA1_Stream7_IRQHandler                  0x080001b7   Thumb Code     0  startup_stm32f40_41xxx.o(.text)
    DMA2_Stream0_IRQHandler                  0x080001b7   Thumb Code     0  startup_stm32f40_41xxx.o(.text)
    DMA2_Stream1_IRQHandler                  0x080001b7   Thumb Code     0  startup_stm32f40_41xxx.o(.text)
    DMA2_Stream2_IRQHandler                  0x080001b7   Thumb Code     0  startup_stm32f40_41xxx.o(.text)
    DMA2_Stream3_IRQHandler                  0x080001b7   Thumb Code     0  startup_stm32f40_41xxx.o(.text)
    DMA2_Stream4_IRQHandler                  0x080001b7   Thumb Code     0  startup_stm32f40_41xxx.o(.text)
    DMA2_Stream5_IRQHandler                  0x080001b7   Thumb Code     0  startup_stm32f40_41xxx.o(.text)
    DMA2_Stream6_IRQHandler                  0x080001b7   Thumb Code     0  startup_stm32f40_41xxx.o(.text)
    ETH_IRQHandler                           0x080001b7   Thumb Code     0  startup_stm32f40_41xxx.o(.text)
    ETH_WKUP_IRQHandler                      0x080001b7   Thumb Code     0  startup_stm32f40_41xxx.o(.text)
    EXTI0_IRQHandler                         0x080001b7   Thumb Code     0  startup_stm32f40_41xxx.o(.text)
    EXTI15_10_IRQHandler                     0x080001b7   Thumb Code     0  startup_stm32f40_41xxx.o(.text)
    EXTI1_IRQHandler                         0x080001b7   Thumb Code     0  startup_stm32f40_41xxx.o(.text)
    EXTI2_IRQHandler                         0x080001b7   Thumb Code     0  startup_stm32f40_41xxx.o(.text)
    EXTI3_IRQHandler                         0x080001b7   Thumb Code     0  startup_stm32f40_41xxx.o(.text)
    EXTI4_IRQHandler                         0x080001b7   Thumb Code     0  startup_stm32f40_41xxx.o(.text)
    EXTI9_5_IRQHandler                       0x080001b7   Thumb Code     0  startup_stm32f40_41xxx.o(.text)
    FLASH_IRQHandler                         0x080001b7   Thumb Code     0  startup_stm32f40_41xxx.o(.text)
    FPU_IRQHandler                           0x080001b7   Thumb Code     0  startup_stm32f40_41xxx.o(.text)
    FSMC_IRQHandler                          0x080001b7   Thumb Code     0  startup_stm32f40_41xxx.o(.text)
    HASH_RNG_IRQHandler                      0x080001b7   Thumb Code     0  startup_stm32f40_41xxx.o(.text)
    I2C1_ER_IRQHandler                       0x080001b7   Thumb Code     0  startup_stm32f40_41xxx.o(.text)
    I2C1_EV_IRQHandler                       0x080001b7   Thumb Code     0  startup_stm32f40_41xxx.o(.text)
    I2C2_ER_IRQHandler                       0x080001b7   Thumb Code     0  startup_stm32f40_41xxx.o(.text)
    I2C2_EV_IRQHandler                       0x080001b7   Thumb Code     0  startup_stm32f40_41xxx.o(.text)
    I2C3_ER_IRQHandler                       0x080001b7   Thumb Code     0  startup_stm32f40_41xxx.o(.text)
    I2C3_EV_IRQHandler                       0x080001b7   Thumb Code     0  startup_stm32f40_41xxx.o(.text)
    OTG_FS_IRQHandler                        0x080001b7   Thumb Code     0  startup_stm32f40_41xxx.o(.text)
    OTG_FS_WKUP_IRQHandler                   0x080001b7   Thumb Code     0  startup_stm32f40_41xxx.o(.text)
    OTG_HS_EP1_IN_IRQHandler                 0x080001b7   Thumb Code     0  startup_stm32f40_41xxx.o(.text)
    OTG_HS_EP1_OUT_IRQHandler                0x080001b7   Thumb Code     0  startup_stm32f40_41xxx.o(.text)
    OTG_HS_IRQHandler                        0x080001b7   Thumb Code     0  startup_stm32f40_41xxx.o(.text)
    OTG_HS_WKUP_IRQHandler                   0x080001b7   Thumb Code     0  startup_stm32f40_41xxx.o(.text)
    PVD_IRQHandler                           0x080001b7   Thumb Code     0  startup_stm32f40_41xxx.o(.text)
    RCC_IRQHandler                           0x080001b7   Thumb Code     0  startup_stm32f40_41xxx.o(.text)
    RTC_Alarm_IRQHandler                     0x080001b7   Thumb Code     0  startup_stm32f40_41xxx.o(.text)
    RTC_WKUP_IRQHandler                      0x080001b7   Thumb Code     0  startup_stm32f40_41xxx.o(.text)
    SDIO_IRQHandler                          0x080001b7   Thumb Code     0  startup_stm32f40_41xxx.o(.text)
    SPI1_IRQHandler                          0x080001b7   Thumb Code     0  startup_stm32f40_41xxx.o(.text)
    SPI2_IRQHandler                          0x080001b7   Thumb Code     0  startup_stm32f40_41xxx.o(.text)
    SPI3_IRQHandler                          0x080001b7   Thumb Code     0  startup_stm32f40_41xxx.o(.text)
    TAMP_STAMP_IRQHandler                    0x080001b7   Thumb Code     0  startup_stm32f40_41xxx.o(.text)
    TIM1_BRK_TIM9_IRQHandler                 0x080001b7   Thumb Code     0  startup_stm32f40_41xxx.o(.text)
    TIM1_CC_IRQHandler                       0x080001b7   Thumb Code     0  startup_stm32f40_41xxx.o(.text)
    TIM1_TRG_COM_TIM11_IRQHandler            0x080001b7   Thumb Code     0  startup_stm32f40_41xxx.o(.text)
    TIM4_IRQHandler                          0x080001b7   Thumb Code     0  startup_stm32f40_41xxx.o(.text)
    TIM7_IRQHandler                          0x080001b7   Thumb Code     0  startup_stm32f40_41xxx.o(.text)
    TIM8_BRK_TIM12_IRQHandler                0x080001b7   Thumb Code     0  startup_stm32f40_41xxx.o(.text)
    TIM8_CC_IRQHandler                       0x080001b7   Thumb Code     0  startup_stm32f40_41xxx.o(.text)
    TIM8_TRG_COM_TIM14_IRQHandler            0x080001b7   Thumb Code     0  startup_stm32f40_41xxx.o(.text)
    UART4_IRQHandler                         0x080001b7   Thumb Code     0  startup_stm32f40_41xxx.o(.text)
    UART5_IRQHandler                         0x080001b7   Thumb Code     0  startup_stm32f40_41xxx.o(.text)
    USART6_IRQHandler                        0x080001b7   Thumb Code     0  startup_stm32f40_41xxx.o(.text)
    WWDG_IRQHandler                          0x080001b7   Thumb Code     0  startup_stm32f40_41xxx.o(.text)
    __aeabi_uldivmod                         0x080001c1   Thumb Code    98  uldiv.o(.text)
    __aeabi_ldivmod                          0x08000223   Thumb Code    98  ldiv.o(.text)
    __aeabi_memcpy                           0x08000285   Thumb Code    36  memcpya.o(.text)
    __aeabi_memcpy4                          0x08000285   Thumb Code     0  memcpya.o(.text)
    __aeabi_memcpy8                          0x08000285   Thumb Code     0  memcpya.o(.text)
    __aeabi_memset                           0x080002a9   Thumb Code    14  memseta.o(.text)
    __aeabi_memset4                          0x080002a9   Thumb Code     0  memseta.o(.text)
    __aeabi_memset8                          0x080002a9   Thumb Code     0  memseta.o(.text)
    __aeabi_memclr                           0x080002b7   Thumb Code     4  memseta.o(.text)
    __aeabi_memclr4                          0x080002b7   Thumb Code     0  memseta.o(.text)
    __aeabi_memclr8                          0x080002b7   Thumb Code     0  memseta.o(.text)
    _memset$wrapper                          0x080002bb   Thumb Code    18  memseta.o(.text)
    __aeabi_dadd                             0x080002cd   Thumb Code   322  dadd.o(.text)
    __aeabi_dsub                             0x0800040f   Thumb Code     6  dadd.o(.text)
    __aeabi_drsub                            0x08000415   Thumb Code     6  dadd.o(.text)
    __aeabi_dmul                             0x0800041b   Thumb Code   228  dmul.o(.text)
    __aeabi_l2f                              0x080004ff   Thumb Code    44  ffltl.o(.text)
    __aeabi_i2d                              0x0800052b   Thumb Code    34  dflti.o(.text)
    __aeabi_f2d                              0x0800054d   Thumb Code    38  f2d.o(.text)
    __aeabi_d2f                              0x08000573   Thumb Code    56  d2f.o(.text)
    __aeabi_uidiv                            0x080005ab   Thumb Code     0  uidiv.o(.text)
    __aeabi_uidivmod                         0x080005ab   Thumb Code    44  uidiv.o(.text)
    __aeabi_llsl                             0x080005d7   Thumb Code    30  llshl.o(.text)
    _ll_shift_l                              0x080005d7   Thumb Code     0  llshl.o(.text)
    __aeabi_llsr                             0x080005f5   Thumb Code    32  llushr.o(.text)
    _ll_ushift_r                             0x080005f5   Thumb Code     0  llushr.o(.text)
    __aeabi_lasr                             0x08000615   Thumb Code    36  llsshr.o(.text)
    _ll_sshift_r                             0x08000615   Thumb Code     0  llsshr.o(.text)
    __I$use$fp                               0x08000639   Thumb Code     0  iusefp.o(.text)
    _float_round                             0x08000639   Thumb Code    18  fepilogue.o(.text)
    _float_epilogue                          0x0800064b   Thumb Code    92  fepilogue.o(.text)
    _double_round                            0x080006a7   Thumb Code    30  depilogue.o(.text)
    _double_epilogue                         0x080006c5   Thumb Code   156  depilogue.o(.text)
    __aeabi_ddiv                             0x08000761   Thumb Code   222  ddiv.o(.text)
    __aeabi_d2ulz                            0x0800083f   Thumb Code    48  dfixul.o(.text)
    __aeabi_cdrcmple                         0x08000871   Thumb Code    48  cdrcmple.o(.text)
    __scatterload                            0x080008a1   Thumb Code    28  init.o(.text)
    __scatterload_rt2                        0x080008a1   Thumb Code     0  init.o(.text)
    __aeabi_ui2d                             0x080008c5   Thumb Code    26  dfltui.o(.text)
    __aeabi_d2iz                             0x080008df   Thumb Code    62  dfixi.o(.text)
    ARMM_Position1_GetBottom                 0x0800091d   Thumb Code   256  armmove.o(i.ARMM_Position1_GetBottom)
    ARMM_Position2_GetAgain                  0x08000b11   Thumb Code   124  armmove.o(i.ARMM_Position2_GetAgain)
    ARMM_Position2_PutTop                    0x08000b95   Thumb Code   128  armmove.o(i.ARMM_Position2_PutTop)
    ARMM_Position3_Stack                     0x08000c1d   Thumb Code   124  armmove.o(i.ARMM_Position3_Stack)
    Abs                                      0x08000ca1   Thumb Code    16  positioncontrol.o(i.Abs)
    BusFault_Handler                         0x08000cb1   Thumb Code     2  stm32f4xx_it.o(i.BusFault_Handler)
    COM_PCInit                               0x08000cb5   Thumb Code   186  comother.o(i.COM_PCInit)
    COM_PackInit                             0x08000d79   Thumb Code    26  comother.o(i.COM_PackInit)
    DMA1_Stream5_IRQHandler                  0x08000d9d   Thumb Code    50  gyroscope.o(i.DMA1_Stream5_IRQHandler)
    DMA2_Stream7_IRQHandler                  0x08000de1   Thumb Code    60  usart.o(i.DMA2_Stream7_IRQHandler)
    DMA_ClearFlag                            0x08000e29   Thumb Code    32  stm32f4xx_dma.o(i.DMA_ClearFlag)
    DMA_ClearITPendingBit                    0x08000e55   Thumb Code    32  stm32f4xx_dma.o(i.DMA_ClearITPendingBit)
    DMA_Cmd                                  0x08000e81   Thumb Code    20  stm32f4xx_dma.o(i.DMA_Cmd)
    DMA_DeInit                               0x08000e95   Thumb Code   272  stm32f4xx_dma.o(i.DMA_DeInit)
    DMA_GetCmdStatus                         0x08000fb9   Thumb Code    14  stm32f4xx_dma.o(i.DMA_GetCmdStatus)
    DMA_GetCurrDataCounter                   0x08000fc7   Thumb Code     6  stm32f4xx_dma.o(i.DMA_GetCurrDataCounter)
    DMA_GetFlagStatus                        0x08000fcd   Thumb Code    40  stm32f4xx_dma.o(i.DMA_GetFlagStatus)
    DMA_GetITStatus                          0x08001001   Thumb Code    68  stm32f4xx_dma.o(i.DMA_GetITStatus)
    DMA_ITConfig                             0x08001055   Thumb Code    44  stm32f4xx_dma.o(i.DMA_ITConfig)
    DMA_Init                                 0x08001081   Thumb Code    80  stm32f4xx_dma.o(i.DMA_Init)
    DMA_SetCurrDataCounter                   0x080010d5   Thumb Code     4  stm32f4xx_dma.o(i.DMA_SetCurrDataCounter)
    DebugMon_Handler                         0x080010d9   Thumb Code     2  stm32f4xx_it.o(i.DebugMon_Handler)
    ENCODER_Init                             0x080010db   Thumb Code    10  encodercontrol.o(i.ENCODER_Init)
    ENCODER_UpdateLoop                       0x080010e5   Thumb Code   130  encodercontrol.o(i.ENCODER_UpdateLoop)
    FIFO_AddData                             0x08001179   Thumb Code    46  fifo.o(i.FIFO_AddData)
    FIFO_Flush                               0x080011a7   Thumb Code    10  fifo.o(i.FIFO_Flush)
    FIFO_GetData                             0x080011b1   Thumb Code    42  fifo.o(i.FIFO_GetData)
    FIFO_GetDatas                            0x080011db   Thumb Code    60  fifo.o(i.FIFO_GetDatas)
    FIFO_Init                                0x08001217   Thumb Code    26  fifo.o(i.FIFO_Init)
    FIFO_IsEmpty                             0x08001231   Thumb Code    16  fifo.o(i.FIFO_IsEmpty)
    FIFO_IsFull                              0x08001241   Thumb Code    28  fifo.o(i.FIFO_IsFull)
    GPIO_Init                                0x0800125d   Thumb Code   120  stm32f4xx_gpio.o(i.GPIO_Init)
    GPIO_PinAFConfig                         0x080012d5   Thumb Code    32  stm32f4xx_gpio.o(i.GPIO_PinAFConfig)
    GPIO_ResetBits                           0x080012f5   Thumb Code     4  stm32f4xx_gpio.o(i.GPIO_ResetBits)
    GPIO_SetBits                             0x080012f9   Thumb Code     4  stm32f4xx_gpio.o(i.GPIO_SetBits)
    HWT101_Init                              0x080012fd   Thumb Code   250  gyroscope.o(i.HWT101_Init)
    HardFault_Handler                        0x08001445   Thumb Code     2  stm32f4xx_it.o(i.HardFault_Handler)
    KEY_Init                                 0x08001449   Thumb Code    44  key.o(i.KEY_Init)
    LED_Init                                 0x08001479   Thumb Code    70  led.o(i.LED_Init)
    MOTER_SetCompare                         0x080014c5   Thumb Code   100  moter.o(i.MOTER_SetCompare)
    MOTER_SetCurrent                         0x0800152d   Thumb Code   146  moter.o(i.MOTER_SetCurrent)
    MOTER_SetPolarity                        0x080015c1   Thumb Code   300  moter.o(i.MOTER_SetPolarity)
    MOTOR_PWM_Init                           0x080016f1   Thumb Code   250  moter.o(i.MOTOR_PWM_Init)
    MPU_GetBiasToStartYaw                    0x080017f9   Thumb Code    18  gyroscope.o(i.MPU_GetBiasToStartYaw)
    MPU_SetStartYaw                          0x08001811   Thumb Code   150  gyroscope.o(i.MPU_SetStartYaw)
    MPU_UserSetStartYaw                      0x080018b1   Thumb Code    22  gyroscope.o(i.MPU_UserSetStartYaw)
    MainInit                                 0x080018cd   Thumb Code    86  main.o(i.MainInit)
    MemManage_Handler                        0x08001923   Thumb Code     2  stm32f4xx_it.o(i.MemManage_Handler)
    MoveFrom_CarLeft                         0x08001925   Thumb Code   106  armmove.o(i.MoveFrom_CarLeft)
    MoveFrom_CarLeft_GetAgain                0x08001a25   Thumb Code   106  armmove.o(i.MoveFrom_CarLeft_GetAgain)
    MoveFrom_CarLeft_Stack                   0x08001b25   Thumb Code   118  armmove.o(i.MoveFrom_CarLeft_Stack)
    MoveFrom_CarMid                          0x08001c41   Thumb Code   106  armmove.o(i.MoveFrom_CarMid)
    MoveFrom_CarMid_GetAgain                 0x08001d41   Thumb Code   106  armmove.o(i.MoveFrom_CarMid_GetAgain)
    MoveFrom_CarMid_Stack                    0x08001e41   Thumb Code   118  armmove.o(i.MoveFrom_CarMid_Stack)
    MoveFrom_CarRight                        0x08001f4d   Thumb Code   106  armmove.o(i.MoveFrom_CarRight)
    MoveFrom_CarRight_GetAgain               0x0800204d   Thumb Code   106  armmove.o(i.MoveFrom_CarRight_GetAgain)
    MoveFrom_CarRight_Stack                  0x0800214d   Thumb Code   118  armmove.o(i.MoveFrom_CarRight_Stack)
    NMI_Handler                              0x08002269   Thumb Code     2  stm32f4xx_it.o(i.NMI_Handler)
    NVIC_Init                                0x0800226d   Thumb Code    96  misc.o(i.NVIC_Init)
    NVIC_PriorityGroupConfig                 0x080022d1   Thumb Code    10  misc.o(i.NVIC_PriorityGroupConfig)
    PID_DeInit                               0x080022e5   Thumb Code    96  pidcontrol.o(i.PID_DeInit)
    PID_GetOutput                            0x08002355   Thumb Code   308  pidcontrol.o(i.PID_GetOutput)
    PID_SetTargetWithRamp                    0x0800248d   Thumb Code    24  pidcontrol.o(i.PID_SetTargetWithRamp)
    PID_UpdateTargetNow                      0x080024a5   Thumb Code   104  pidcontrol.o(i.PID_UpdateTargetNow)
    POSITIONC_ControlLoop                    0x0800250d   Thumb Code   140  positioncontrol.o(i.POSITIONC_ControlLoop)
    POSITIONC_PidDeInit                      0x080025ad   Thumb Code    92  positioncontrol.o(i.POSITIONC_PidDeInit)
    POSITIONC_UpdateLoop                     0x08002615   Thumb Code    96  positioncontrol.o(i.POSITIONC_UpdateLoop)
    POSITONC_SetCarGoTo                      0x08002679   Thumb Code   530  positioncontrol.o(i.POSITONC_SetCarGoTo)
    POSITONC_UpdateLoop                      0x080028b5   Thumb Code   108  positioncontrol.o(i.POSITONC_UpdateLoop)
    PendSV_Handler                           0x08002925   Thumb Code     2  stm32f4xx_it.o(i.PendSV_Handler)
    Point2_Put                               0x08002927   Thumb Code    28  armmove.o(i.Point2_Put)
    Point2_Put_GetAgain                      0x08002943   Thumb Code    28  armmove.o(i.Point2_Put_GetAgain)
    Point2_Put_Stack                         0x0800295f   Thumb Code    28  armmove.o(i.Point2_Put_Stack)
    RACE_Position0                           0x0800297d   Thumb Code    34  runrace.o(i.RACE_Position0)
    RACE_Position1                           0x080029b1   Thumb Code    52  runrace.o(i.RACE_Position1)
    RACE_Position2                           0x08002a15   Thumb Code    90  runrace.o(i.RACE_Position2)
    RACE_Position3                           0x08002a85   Thumb Code    76  runrace.o(i.RACE_Position3)
    RACE_RunSome                             0x08002ae5   Thumb Code    16  runrace.o(i.RACE_RunSome)
    RACE_RunWithDelay                        0x08002af5   Thumb Code    18  runrace.o(i.RACE_RunWithDelay)
    RCC_AHB1PeriphClockCmd                   0x08002b09   Thumb Code    18  stm32f4xx_rcc.o(i.RCC_AHB1PeriphClockCmd)
    RCC_APB1PeriphClockCmd                   0x08002b21   Thumb Code    18  stm32f4xx_rcc.o(i.RCC_APB1PeriphClockCmd)
    RCC_APB1PeriphResetCmd                   0x08002b39   Thumb Code    18  stm32f4xx_rcc.o(i.RCC_APB1PeriphResetCmd)
    RCC_APB2PeriphClockCmd                   0x08002b51   Thumb Code    18  stm32f4xx_rcc.o(i.RCC_APB2PeriphClockCmd)
    RCC_APB2PeriphResetCmd                   0x08002b69   Thumb Code    18  stm32f4xx_rcc.o(i.RCC_APB2PeriphResetCmd)
    RCC_GetClocksFreq                        0x08002b81   Thumb Code   132  stm32f4xx_rcc.o(i.RCC_GetClocksFreq)
    ReadMpuYaw                               0x08002c11   Thumb Code    36  gyroscope.o(i.ReadMpuYaw)
    SENSOR_Init                              0x08002c3d   Thumb Code   116  sensor.o(i.SENSOR_Init)
    SPEEDC_ControlLoop                       0x08002cc1   Thumb Code   164  speedcontrol.o(i.SPEEDC_ControlLoop)
    SPEEDC_GetTarget                         0x08002d69   Thumb Code    48  speedcontrol.o(i.SPEEDC_GetTarget)
    SPEEDC_PidInit                           0x08002da1   Thumb Code   138  speedcontrol.o(i.SPEEDC_PidInit)
    SPEEDC_RealSpeedUpdate                   0x08002e41   Thumb Code    24  speedcontrol.o(i.SPEEDC_RealSpeedUpdate)
    SPEEDC_SetOneRamp                        0x08002e5d   Thumb Code    64  speedcontrol.o(i.SPEEDC_SetOneRamp)
    SPEEDC_SetTarget                         0x08002ea1   Thumb Code    68  speedcontrol.o(i.SPEEDC_SetTarget)
    SPEEDS_GetCarPosition                    0x08002ee9   Thumb Code   206  speedsolve.o(i.SPEEDS_GetCarPosition)
    SPEEDS_GetWheelSpeed                     0x08002fc1   Thumb Code   200  speedsolve.o(i.SPEEDS_GetWheelSpeed)
    SVC_Handler                              0x0800309d   Thumb Code     2  stm32f4xx_it.o(i.SVC_Handler)
    SetMpuToDMA                              0x080030a1   Thumb Code   150  gyroscope.o(i.SetMpuToDMA)
    SpeedS_PToW                              0x080031f9   Thumb Code    12  speedsolve.o(i.SpeedS_PToW)
    SpeedSolving4_Set                        0x08003209   Thumb Code    10  speedsolve.o(i.SpeedSolving4_Set)
    SpeedSolving4_SetWithTime                0x08003219   Thumb Code   214  speedsolve.o(i.SpeedSolving4_SetWithTime)
    SysTick_CLKSourceConfig                  0x080032f9   Thumb Code    24  misc.o(i.SysTick_CLKSourceConfig)
    SysTick_Handler                          0x08003311   Thumb Code     2  stm32f4xx_it.o(i.SysTick_Handler)
    SystemInit                               0x08003315   Thumb Code    74  system_stm32f4xx.o(i.SystemInit)
    TIM1_UP_TIM10_IRQHandler                 0x080033d5   Thumb Code    46  encodercontrol.o(i.TIM1_UP_TIM10_IRQHandler)
    TIM2345_Encoder_Init                     0x0800340d   Thumb Code   482  encodercontrol.o(i.TIM2345_Encoder_Init)
    TIM2_IRQHandler                          0x08003609   Thumb Code    46  encodercontrol.o(i.TIM2_IRQHandler)
    TIM3_IRQHandler                          0x0800363d   Thumb Code    46  encodercontrol.o(i.TIM3_IRQHandler)
    TIM5_IRQHandler                          0x08003675   Thumb Code    52  encodercontrol.o(i.TIM5_IRQHandler)
    TIM6_DAC_IRQHandler                      0x080036b1   Thumb Code   124  tim6.o(i.TIM6_DAC_IRQHandler)
    TIM6_TimingInit                          0x0800374d   Thumb Code   102  tim6.o(i.TIM6_TimingInit)
    TIM8_UP_TIM13_IRQHandler                 0x080037b9   Thumb Code    46  encodercontrol.o(i.TIM8_UP_TIM13_IRQHandler)
    TIM_ARRPreloadConfig                     0x080037f1   Thumb Code    20  stm32f4xx_tim.o(i.TIM_ARRPreloadConfig)
    TIM_ClearFlag                            0x08003805   Thumb Code     6  stm32f4xx_tim.o(i.TIM_ClearFlag)
    TIM_ClearITPendingBit                    0x0800380b   Thumb Code     6  stm32f4xx_tim.o(i.TIM_ClearITPendingBit)
    TIM_Cmd                                  0x08003811   Thumb Code    20  stm32f4xx_tim.o(i.TIM_Cmd)
    TIM_CtrlPWMOutputs                       0x08003825   Thumb Code    22  stm32f4xx_tim.o(i.TIM_CtrlPWMOutputs)
    TIM_DeInit                               0x0800383d   Thumb Code   284  stm32f4xx_tim.o(i.TIM_DeInit)
    TIM_EncoderInterfaceConfig               0x0800398d   Thumb Code    50  stm32f4xx_tim.o(i.TIM_EncoderInterfaceConfig)
    TIM_GetITStatus                          0x080039bf   Thumb Code    24  stm32f4xx_tim.o(i.TIM_GetITStatus)
    TIM_ICInit                               0x080039d7   Thumb Code   172  stm32f4xx_tim.o(i.TIM_ICInit)
    TIM_ICStructInit                         0x08003a83   Thumb Code    16  stm32f4xx_tim.o(i.TIM_ICStructInit)
    TIM_ITConfig                             0x08003a93   Thumb Code    16  stm32f4xx_tim.o(i.TIM_ITConfig)
    TIM_OC1Init                              0x08003aa5   Thumb Code    88  stm32f4xx_tim.o(i.TIM_OC1Init)
    TIM_OC2Init                              0x08003b05   Thumb Code   120  stm32f4xx_tim.o(i.TIM_OC2Init)
    TIM_OC3Init                              0x08003b85   Thumb Code   116  stm32f4xx_tim.o(i.TIM_OC3Init)
    TIM_OC4Init                              0x08003c01   Thumb Code    88  stm32f4xx_tim.o(i.TIM_OC4Init)
    TIM_SetCompare1                          0x08003c61   Thumb Code     4  stm32f4xx_tim.o(i.TIM_SetCompare1)
    TIM_SetCompare2                          0x08003c65   Thumb Code     4  stm32f4xx_tim.o(i.TIM_SetCompare2)
    TIM_SetCompare3                          0x08003c69   Thumb Code     4  stm32f4xx_tim.o(i.TIM_SetCompare3)
    TIM_SetCompare4                          0x08003c6d   Thumb Code     4  stm32f4xx_tim.o(i.TIM_SetCompare4)
    TIM_SetCounter                           0x08003c71   Thumb Code     4  stm32f4xx_tim.o(i.TIM_SetCounter)
    TIM_SetIC1Prescaler                      0x08003c75   Thumb Code    16  stm32f4xx_tim.o(i.TIM_SetIC1Prescaler)
    TIM_SetIC2Prescaler                      0x08003c85   Thumb Code    24  stm32f4xx_tim.o(i.TIM_SetIC2Prescaler)
    TIM_SetIC3Prescaler                      0x08003c9d   Thumb Code    16  stm32f4xx_tim.o(i.TIM_SetIC3Prescaler)
    TIM_SetIC4Prescaler                      0x08003cad   Thumb Code    24  stm32f4xx_tim.o(i.TIM_SetIC4Prescaler)
    TIM_TimeBaseInit                         0x08003cc5   Thumb Code    96  stm32f4xx_tim.o(i.TIM_TimeBaseInit)
    TRACE_UpdatB                             0x08003d41   Thumb Code    60  trace.o(i.TRACE_UpdatB)
    TRACE_UpdatF                             0x08003d85   Thumb Code    72  trace.o(i.TRACE_UpdatF)
    TRACE_UpdatL                             0x08003dd5   Thumb Code    56  trace.o(i.TRACE_UpdatL)
    TRACE_UpdatLoop                          0x08003e15   Thumb Code    22  trace.o(i.TRACE_UpdatLoop)
    TRACE_UpdatR                             0x08003e2d   Thumb Code    54  trace.o(i.TRACE_UpdatR)
    Trace_FindBlackNum                       0x08003e6d   Thumb Code    26  trace.o(i.Trace_FindBlackNum)
    USART1_DmaConfig                         0x08003e89   Thumb Code   150  usart.o(i.USART1_DmaConfig)
    USART1_DmaLoop                           0x08003f29   Thumb Code    54  usart.o(i.USART1_DmaLoop)
    USART1_DmaSendData                       0x08003f69   Thumb Code    44  usart.o(i.USART1_DmaSendData)
    USART1_IRQHandler                        0x08003f99   Thumb Code    60  usart.o(i.USART1_IRQHandler)
    USART1_Init                              0x08003fdd   Thumb Code   180  usart.o(i.USART1_Init)
    USART1_InitWithDma                       0x08004099   Thumb Code    44  usart.o(i.USART1_InitWithDma)
    USART2_IRQHandler                        0x080040d1   Thumb Code   526  gyroscope.o(i.USART2_IRQHandler)
    USART3_IRQHandler                        0x08004319   Thumb Code   554  comother.o(i.USART3_IRQHandler)
    USART_ClearFlag                          0x08004555   Thumb Code     6  stm32f4xx_usart.o(i.USART_ClearFlag)
    USART_ClearITPendingBit                  0x0800455b   Thumb Code    12  stm32f4xx_usart.o(i.USART_ClearITPendingBit)
    USART_Cmd                                0x08004567   Thumb Code    20  stm32f4xx_usart.o(i.USART_Cmd)
    USART_DMACmd                             0x0800457b   Thumb Code    16  stm32f4xx_usart.o(i.USART_DMACmd)
    USART_GetFlagStatus                      0x0800458b   Thumb Code    14  stm32f4xx_usart.o(i.USART_GetFlagStatus)
    USART_GetITStatus                        0x08004599   Thumb Code    62  stm32f4xx_usart.o(i.USART_GetITStatus)
    USART_ITConfig                           0x080045d7   Thumb Code    48  stm32f4xx_usart.o(i.USART_ITConfig)
    USART_Init                               0x08004609   Thumb Code   164  stm32f4xx_usart.o(i.USART_Init)
    USART_ReceiveData                        0x080046b5   Thumb Code     8  stm32f4xx_usart.o(i.USART_ReceiveData)
    UsageFault_Handler                       0x080046bd   Thumb Code     2  stm32f4xx_it.o(i.UsageFault_Handler)
    __0printf                                0x080046c1   Thumb Code    22  printfa.o(i.__0printf)
    __1printf                                0x080046c1   Thumb Code     0  printfa.o(i.__0printf)
    __2printf                                0x080046c1   Thumb Code     0  printfa.o(i.__0printf)
    __c89printf                              0x080046c1   Thumb Code     0  printfa.o(i.__0printf)
    printf                                   0x080046c1   Thumb Code     0  printfa.o(i.__0printf)
    __ARM_fpclassify                         0x080046e1   Thumb Code    48  fpclassify.o(i.__ARM_fpclassify)
    __ARM_fpclassifyf                        0x08004711   Thumb Code    38  fpclassifyf.o(i.__ARM_fpclassifyf)
    __hardfp_cos                             0x08004739   Thumb Code   180  cos.o(i.__hardfp_cos)
    __hardfp_cosf                            0x08004801   Thumb Code   280  cosf.o(i.__hardfp_cosf)
    __hardfp_sin                             0x08004951   Thumb Code   180  sin.o(i.__hardfp_sin)
    __hardfp_sinf                            0x08004a19   Thumb Code   344  sinf.o(i.__hardfp_sinf)
    __hardfp_sqrtf                           0x08004ba9   Thumb Code    58  sqrtf.o(i.__hardfp_sqrtf)
    __ieee754_rem_pio2                       0x08004be9   Thumb Code   938  rred.o(i.__ieee754_rem_pio2)
    __kernel_cos                             0x08005021   Thumb Code   322  cos_i.o(i.__kernel_cos)
    __kernel_poly                            0x08005191   Thumb Code   248  poly.o(i.__kernel_poly)
    __kernel_sin                             0x08005289   Thumb Code   280  sin_i.o(i.__kernel_sin)
    __mathlib_dbl_infnan                     0x080053b9   Thumb Code    20  dunder.o(i.__mathlib_dbl_infnan)
    __mathlib_dbl_invalid                    0x080053d1   Thumb Code    24  dunder.o(i.__mathlib_dbl_invalid)
    __mathlib_dbl_underflow                  0x080053f1   Thumb Code    24  dunder.o(i.__mathlib_dbl_underflow)
    __mathlib_flt_infnan                     0x08005411   Thumb Code     6  funder.o(i.__mathlib_flt_infnan)
    __mathlib_flt_invalid                    0x08005419   Thumb Code    10  funder.o(i.__mathlib_flt_invalid)
    __mathlib_flt_underflow                  0x08005429   Thumb Code    10  funder.o(i.__mathlib_flt_underflow)
    __mathlib_rredf2                         0x08005439   Thumb Code   316  rredf.o(i.__mathlib_rredf2)
    __scatterload_copy                       0x0800558d   Thumb Code    14  handlers.o(i.__scatterload_copy)
    __scatterload_null                       0x0800559b   Thumb Code     2  handlers.o(i.__scatterload_null)
    __scatterload_zeroinit                   0x0800559d   Thumb Code    14  handlers.o(i.__scatterload_zeroinit)
    __set_errno                              0x080055ad   Thumb Code     6  errno.o(i.__set_errno)
    delay_init                               0x08005e4d   Thumb Code    38  delay.o(i.delay_init)
    delay_ms                                 0x08005e79   Thumb Code    52  delay.o(i.delay_ms)
    delay_xms                                0x08005ead   Thumb Code    46  delay.o(i.delay_xms)
    fabs                                     0x08005ee1   Thumb Code    24  fabs.o(i.fabs)
    fputc                                    0x08005ef9   Thumb Code    42  usart.o(i.fputc)
    main                                     0x08005f2d   Thumb Code    16  main.o(i.main)
    usart3_send                              0x08005f3d   Thumb Code    14  comother.o(i.usart3_send)
    wait_Cam_Judge                           0x08005f51   Thumb Code    62  armmove.o(i.wait_Cam_Judge)
    Region$$Table$$Base                      0x080060f0   Number         0  anon$$obj.o(Region$$Table)
    Region$$Table$$Limit                     0x08006110   Number         0  anon$$obj.o(Region$$Table)
    color_order                              0x20000000   Data           6  runrace.o(.data)
    isStopping                               0x20000006   Data           1  runrace.o(.data)
    isVertical                               0x20000007   Data           1  runrace.o(.data)
    isReversed                               0x20000008   Data           1  runrace.o(.data)
    Speed1                                   0x2000000a   Data           2  encodercontrol.o(.data)
    Speed2                                   0x2000000c   Data           2  encodercontrol.o(.data)
    Speed3                                   0x2000000e   Data           2  encodercontrol.o(.data)
    Speed4                                   0x20000010   Data           2  encodercontrol.o(.data)
    S_Speed1                                 0x20000012   Data           2  encodercontrol.o(.data)
    S_Speed2                                 0x20000014   Data           2  encodercontrol.o(.data)
    Test_Count                               0x2000001c   Data           2  positioncontrol.o(.data)
    __stdout                                 0x20000080   Data           4  usart.o(.data)
    PFifo_GyroscopeBuff                      0x200000a0   Data           4  gyroscope.o(.data)
    res_i                                    0x200000ac   Data           1  comother.o(.data)
    x_flag                                   0x200000ad   Data           1  comother.o(.data)
    y_flag                                   0x200000ae   Data           1  comother.o(.data)
    start_flag                               0x200000af   Data           1  comother.o(.data)
    Jisuan_flag                              0x200000b0   Data           1  comother.o(.data)
    Jiaqu_start_flag                         0x200000b1   Data           1  comother.o(.data)
    stop_read_flag                           0x200000b2   Data           1  comother.o(.data)
    pos_judge_flag                           0x200000b3   Data           1  comother.o(.data)
    start_flag_pos                           0x200000b4   Data           1  comother.o(.data)
    x                                        0x200000b5   Data           1  comother.o(.data)
    y                                        0x200000b6   Data           1  comother.o(.data)
    jiaqu_i                                  0x200000b7   Data           1  comother.o(.data)
    pos_x                                    0x200000b8   Data           4  comother.o(.data)
    pos_y                                    0x200000bc   Data           4  comother.o(.data)
    err_com_data                             0x200000c0   Data           4  comother.o(.data)
    tx_status                                0x200000c4   Data           4  comother.o(.data)
    Pos_x                                    0x200000c8   Data           4  comother.o(.data)
    Pos_y                                    0x200000cc   Data           4  comother.o(.data)
    rx_data_position                         0x200000d0   Data           6  comother.o(.data)
    pos_error                                0x200000d6   Data           6  comother.o(.data)
    rx_data                                  0x200000dc   Data           7  comother.o(.data)
    send_data                                0x200000e3   Data           7  comother.o(.data)
    isTracing                                0x200000ec   Data           1  trace.o(.data)
    adj_vx                                   0x200000f0   Data           4  trace.o(.data)
    adj_vy                                   0x200000f4   Data           4  trace.o(.data)
    current_speeds_t                         0x20000110   Data          32  speedcontrol.o(.bss)
    speed_pid1_t                             0x20000130   Data          76  speedcontrol.o(.bss)
    speed_pid2_t                             0x2000017c   Data          76  speedcontrol.o(.bss)
    speed_pid3_t                             0x200001c8   Data          76  speedcontrol.o(.bss)
    speed_pid4_t                             0x20000214   Data          76  speedcontrol.o(.bss)
    position_pidx_t                          0x20000260   Data          76  positioncontrol.o(.bss)
    position_pidy_t                          0x200002ac   Data          76  positioncontrol.o(.bss)
    position_pidz_t                          0x200002f8   Data          76  positioncontrol.o(.bss)
    position_record_t                        0x20000348   Data         104  positioncontrol.o(.bss)
    speed_out_t                              0x200003b0   Data          40  speedsolve.o(.bss)
    position_out_t                           0x200003d8   Data          32  speedsolve.o(.bss)
    pulse_out_t                              0x200003f8   Data          16  speedsolve.o(.bss)
    Fifo_GyroscopeBuff                       0x20002488   Data          24  gyroscope.o(.bss)
    Jiaqu                                    0x200024a0   Data         100  comother.o(.bss)
    com_rxbuff                               0x20002504   Data          16  comother.o(.bss)
    rx_status                                0x20002520   Data          24  comother.o(.bss)
    trace_status                             0x20002538   Data          80  trace.o(.bss)
    __initial_sp                             0x20002988   Data           0  startup_stm32f40_41xxx.o(STACK)



==============================================================================

Memory Map of the image

  Image Entry point : 0x08000189

  Load Region LR_IROM1 (Base: 0x08000000, Size: 0x00006220, Max: 0x00100000, ABSOLUTE)

    Execution Region ER_IROM1 (Base: 0x08000000, Size: 0x00006110, Max: 0x00100000, ABSOLUTE)

    Base Addr    Size         Type   Attr      Idx    E Section Name        Object

    0x08000000   0x00000188   Data   RO         7135    RESET               startup_stm32f40_41xxx.o
    0x08000188   0x00000000   Code   RO         7200  * .ARM.Collect$$$$00000000  mc_w.l(entry.o)
    0x08000188   0x00000004   Code   RO         7563    .ARM.Collect$$$$00000001  mc_w.l(entry2.o)
    0x0800018c   0x00000004   Code   RO         7566    .ARM.Collect$$$$00000004  mc_w.l(entry5.o)
    0x08000190   0x00000000   Code   RO         7568    .ARM.Collect$$$$00000008  mc_w.l(entry7b.o)
    0x08000190   0x00000000   Code   RO         7570    .ARM.Collect$$$$0000000A  mc_w.l(entry8b.o)
    0x08000190   0x00000008   Code   RO         7571    .ARM.Collect$$$$0000000B  mc_w.l(entry9a.o)
    0x08000198   0x00000000   Code   RO         7573    .ARM.Collect$$$$0000000D  mc_w.l(entry10a.o)
    0x08000198   0x00000000   Code   RO         7575    .ARM.Collect$$$$0000000F  mc_w.l(entry11a.o)
    0x08000198   0x00000004   Code   RO         7564    .ARM.Collect$$$$00002712  mc_w.l(entry2.o)
    0x0800019c   0x00000024   Code   RO         7136    .text               startup_stm32f40_41xxx.o
    0x080001c0   0x00000062   Code   RO         7203    .text               mc_w.l(uldiv.o)
    0x08000222   0x00000062   Code   RO         7205    .text               mc_w.l(ldiv.o)
    0x08000284   0x00000024   Code   RO         7207    .text               mc_w.l(memcpya.o)
    0x080002a8   0x00000024   Code   RO         7209    .text               mc_w.l(memseta.o)
    0x080002cc   0x0000014e   Code   RO         7502    .text               mf_w.l(dadd.o)
    0x0800041a   0x000000e4   Code   RO         7504    .text               mf_w.l(dmul.o)
    0x080004fe   0x0000002c   Code   RO         7506    .text               mf_w.l(ffltl.o)
    0x0800052a   0x00000022   Code   RO         7508    .text               mf_w.l(dflti.o)
    0x0800054c   0x00000026   Code   RO         7512    .text               mf_w.l(f2d.o)
    0x08000572   0x00000038   Code   RO         7514    .text               mf_w.l(d2f.o)
    0x080005aa   0x0000002c   Code   RO         7577    .text               mc_w.l(uidiv.o)
    0x080005d6   0x0000001e   Code   RO         7579    .text               mc_w.l(llshl.o)
    0x080005f4   0x00000020   Code   RO         7581    .text               mc_w.l(llushr.o)
    0x08000614   0x00000024   Code   RO         7583    .text               mc_w.l(llsshr.o)
    0x08000638   0x00000000   Code   RO         7594    .text               mc_w.l(iusefp.o)
    0x08000638   0x0000006e   Code   RO         7595    .text               mf_w.l(fepilogue.o)
    0x080006a6   0x000000ba   Code   RO         7597    .text               mf_w.l(depilogue.o)
    0x08000760   0x000000de   Code   RO         7599    .text               mf_w.l(ddiv.o)
    0x0800083e   0x00000030   Code   RO         7603    .text               mf_w.l(dfixul.o)
    0x0800086e   0x00000002   PAD
    0x08000870   0x00000030   Code   RO         7605    .text               mf_w.l(cdrcmple.o)
    0x080008a0   0x00000024   Code   RO         7617    .text               mc_w.l(init.o)
    0x080008c4   0x0000001a   Code   RO         7619    .text               mf_w.l(dfltui.o)
    0x080008de   0x0000003e   Code   RO         7621    .text               mf_w.l(dfixi.o)
    0x0800091c   0x000001f4   Code   RO          459    i.ARMM_Position1_GetBottom  armmove.o
    0x08000b10   0x00000084   Code   RO          461    i.ARMM_Position2_GetAgain  armmove.o
    0x08000b94   0x00000088   Code   RO          463    i.ARMM_Position2_PutTop  armmove.o
    0x08000c1c   0x00000084   Code   RO          464    i.ARMM_Position3_Stack  armmove.o
    0x08000ca0   0x00000010   Code   RO         1154    i.Abs               positioncontrol.o
    0x08000cb0   0x00000002   Code   RO          222    i.BusFault_Handler  stm32f4xx_it.o
    0x08000cb2   0x00000002   PAD
    0x08000cb4   0x000000c4   Code   RO         2175    i.COM_PCInit        comother.o
    0x08000d78   0x00000024   Code   RO         2176    i.COM_PackInit      comother.o
    0x08000d9c   0x00000044   Code   RO         1814    i.DMA1_Stream5_IRQHandler  gyroscope.o
    0x08000de0   0x00000048   Code   RO         1374    i.DMA2_Stream7_IRQHandler  usart.o
    0x08000e28   0x0000002c   Code   RO         4639    i.DMA_ClearFlag     stm32f4xx_dma.o
    0x08000e54   0x0000002c   Code   RO         4640    i.DMA_ClearITPendingBit  stm32f4xx_dma.o
    0x08000e80   0x00000014   Code   RO         4641    i.DMA_Cmd           stm32f4xx_dma.o
    0x08000e94   0x00000124   Code   RO         4642    i.DMA_DeInit        stm32f4xx_dma.o
    0x08000fb8   0x0000000e   Code   RO         4646    i.DMA_GetCmdStatus  stm32f4xx_dma.o
    0x08000fc6   0x00000006   Code   RO         4647    i.DMA_GetCurrDataCounter  stm32f4xx_dma.o
    0x08000fcc   0x00000034   Code   RO         4650    i.DMA_GetFlagStatus  stm32f4xx_dma.o
    0x08001000   0x00000054   Code   RO         4651    i.DMA_GetITStatus   stm32f4xx_dma.o
    0x08001054   0x0000002c   Code   RO         4652    i.DMA_ITConfig      stm32f4xx_dma.o
    0x08001080   0x00000054   Code   RO         4653    i.DMA_Init          stm32f4xx_dma.o
    0x080010d4   0x00000004   Code   RO         4656    i.DMA_SetCurrDataCounter  stm32f4xx_dma.o
    0x080010d8   0x00000002   Code   RO          223    i.DebugMon_Handler  stm32f4xx_it.o
    0x080010da   0x0000000a   Code   RO          780    i.ENCODER_Init      encodercontrol.o
    0x080010e4   0x00000094   Code   RO          781    i.ENCODER_UpdateLoop  encodercontrol.o
    0x08001178   0x0000002e   Code   RO         1474    i.FIFO_AddData      fifo.o
    0x080011a6   0x0000000a   Code   RO         1476    i.FIFO_Flush        fifo.o
    0x080011b0   0x0000002a   Code   RO         1477    i.FIFO_GetData      fifo.o
    0x080011da   0x0000003c   Code   RO         1478    i.FIFO_GetDatas     fifo.o
    0x08001216   0x0000001a   Code   RO         1479    i.FIFO_Init         fifo.o
    0x08001230   0x00000010   Code   RO         1480    i.FIFO_IsEmpty      fifo.o
    0x08001240   0x0000001c   Code   RO         1481    i.FIFO_IsFull       fifo.o
    0x0800125c   0x00000078   Code   RO         5945    i.GPIO_Init         stm32f4xx_gpio.o
    0x080012d4   0x00000020   Code   RO         5946    i.GPIO_PinAFConfig  stm32f4xx_gpio.o
    0x080012f4   0x00000004   Code   RO         5952    i.GPIO_ResetBits    stm32f4xx_gpio.o
    0x080012f8   0x00000004   Code   RO         5953    i.GPIO_SetBits      stm32f4xx_gpio.o
    0x080012fc   0x00000148   Code   RO         1815    i.HWT101_Init       gyroscope.o
    0x08001444   0x00000002   Code   RO          224    i.HardFault_Handler  stm32f4xx_it.o
    0x08001446   0x00000002   PAD
    0x08001448   0x00000030   Code   RO         1657    i.KEY_Init          key.o
    0x08001478   0x0000004c   Code   RO         2065    i.LED_Init          led.o
    0x080014c4   0x00000068   Code   RO          858    i.MOTER_SetCompare  moter.o
    0x0800152c   0x00000092   Code   RO          859    i.MOTER_SetCurrent  moter.o
    0x080015be   0x00000002   PAD
    0x080015c0   0x00000130   Code   RO          860    i.MOTER_SetPolarity  moter.o
    0x080016f0   0x00000108   Code   RO          862    i.MOTOR_PWM_Init    moter.o
    0x080017f8   0x00000018   Code   RO         1817    i.MPU_GetBiasToStartYaw  gyroscope.o
    0x08001810   0x000000a0   Code   RO         1823    i.MPU_SetStartYaw   gyroscope.o
    0x080018b0   0x0000001c   Code   RO         1828    i.MPU_UserSetStartYaw  gyroscope.o
    0x080018cc   0x00000056   Code   RO            3    i.MainInit          main.o
    0x08001922   0x00000002   Code   RO          225    i.MemManage_Handler  stm32f4xx_it.o
    0x08001924   0x00000100   Code   RO          478    i.MoveFrom_CarLeft  armmove.o
    0x08001a24   0x00000100   Code   RO          479    i.MoveFrom_CarLeft_GetAgain  armmove.o
    0x08001b24   0x0000011c   Code   RO          480    i.MoveFrom_CarLeft_Stack  armmove.o
    0x08001c40   0x00000100   Code   RO          481    i.MoveFrom_CarMid   armmove.o
    0x08001d40   0x00000100   Code   RO          482    i.MoveFrom_CarMid_GetAgain  armmove.o
    0x08001e40   0x0000010c   Code   RO          483    i.MoveFrom_CarMid_Stack  armmove.o
    0x08001f4c   0x00000100   Code   RO          484    i.MoveFrom_CarRight  armmove.o
    0x0800204c   0x00000100   Code   RO          485    i.MoveFrom_CarRight_GetAgain  armmove.o
    0x0800214c   0x0000011c   Code   RO          486    i.MoveFrom_CarRight_Stack  armmove.o
    0x08002268   0x00000002   Code   RO          226    i.NMI_Handler       stm32f4xx_it.o
    0x0800226a   0x00000002   PAD
    0x0800226c   0x00000064   Code   RO         2420    i.NVIC_Init         misc.o
    0x080022d0   0x00000014   Code   RO         2421    i.NVIC_PriorityGroupConfig  misc.o
    0x080022e4   0x00000070   Code   RO          906    i.PID_DeInit        pidcontrol.o
    0x08002354   0x00000138   Code   RO          907    i.PID_GetOutput     pidcontrol.o
    0x0800248c   0x00000018   Code   RO          914    i.PID_SetTargetWithRamp  pidcontrol.o
    0x080024a4   0x00000068   Code   RO          915    i.PID_UpdateTargetNow  pidcontrol.o
    0x0800250c   0x000000a0   Code   RO         1156    i.POSITIONC_ControlLoop  positioncontrol.o
    0x080025ac   0x00000068   Code   RO         1158    i.POSITIONC_PidDeInit  positioncontrol.o
    0x08002614   0x00000064   Code   RO         1162    i.POSITIONC_UpdateLoop  positioncontrol.o
    0x08002678   0x0000023c   Code   RO         1165    i.POSITONC_SetCarGoTo  positioncontrol.o
    0x080028b4   0x00000070   Code   RO         1166    i.POSITONC_UpdateLoop  positioncontrol.o
    0x08002924   0x00000002   Code   RO          227    i.PendSV_Handler    stm32f4xx_it.o
    0x08002926   0x0000001c   Code   RO          496    i.Point2_Put        armmove.o
    0x08002942   0x0000001c   Code   RO          497    i.Point2_Put_GetAgain  armmove.o
    0x0800295e   0x0000001c   Code   RO          498    i.Point2_Put_Stack  armmove.o
    0x0800297a   0x00000002   PAD
    0x0800297c   0x00000034   Code   RO          330    i.RACE_Position0    runrace.o
    0x080029b0   0x00000064   Code   RO          331    i.RACE_Position1    runrace.o
    0x08002a14   0x00000070   Code   RO          332    i.RACE_Position2    runrace.o
    0x08002a84   0x00000060   Code   RO          333    i.RACE_Position3    runrace.o
    0x08002ae4   0x00000010   Code   RO          340    i.RACE_RunSome      runrace.o
    0x08002af4   0x00000012   Code   RO          341    i.RACE_RunWithDelay  runrace.o
    0x08002b06   0x00000002   PAD
    0x08002b08   0x00000018   Code   RO         3959    i.RCC_AHB1PeriphClockCmd  stm32f4xx_rcc.o
    0x08002b20   0x00000018   Code   RO         3968    i.RCC_APB1PeriphClockCmd  stm32f4xx_rcc.o
    0x08002b38   0x00000018   Code   RO         3970    i.RCC_APB1PeriphResetCmd  stm32f4xx_rcc.o
    0x08002b50   0x00000018   Code   RO         3971    i.RCC_APB2PeriphClockCmd  stm32f4xx_rcc.o
    0x08002b68   0x00000018   Code   RO         3973    i.RCC_APB2PeriphResetCmd  stm32f4xx_rcc.o
    0x08002b80   0x00000090   Code   RO         3980    i.RCC_GetClocksFreq  stm32f4xx_rcc.o
    0x08002c10   0x0000002c   Code   RO         1829    i.ReadMpuYaw        gyroscope.o
    0x08002c3c   0x00000084   Code   RO          990    i.SENSOR_Init       sensor.o
    0x08002cc0   0x000000a8   Code   RO         1054    i.SPEEDC_ControlLoop  speedcontrol.o
    0x08002d68   0x00000038   Code   RO         1058    i.SPEEDC_GetTarget  speedcontrol.o
    0x08002da0   0x000000a0   Code   RO         1059    i.SPEEDC_PidInit    speedcontrol.o
    0x08002e40   0x0000001c   Code   RO         1060    i.SPEEDC_RealSpeedUpdate  speedcontrol.o
    0x08002e5c   0x00000044   Code   RO         1065    i.SPEEDC_SetOneRamp  speedcontrol.o
    0x08002ea0   0x00000048   Code   RO         1066    i.SPEEDC_SetTarget  speedcontrol.o
    0x08002ee8   0x000000d8   Code   RO         1288    i.SPEEDS_GetCarPosition  speedsolve.o
    0x08002fc0   0x000000dc   Code   RO         1291    i.SPEEDS_GetWheelSpeed  speedsolve.o
    0x0800309c   0x00000002   Code   RO          228    i.SVC_Handler       stm32f4xx_it.o
    0x0800309e   0x00000002   PAD
    0x080030a0   0x000000a4   Code   RO         1830    i.SetMpuToDMA       gyroscope.o
    0x08003144   0x000000b4   Code   RO          293    i.SetSysClock       system_stm32f4xx.o
    0x080031f8   0x00000010   Code   RO         1294    i.SpeedS_PToW       speedsolve.o
    0x08003208   0x00000010   Code   RO         1295    i.SpeedSolving4_Set  speedsolve.o
    0x08003218   0x000000e0   Code   RO         1296    i.SpeedSolving4_SetWithTime  speedsolve.o
    0x080032f8   0x00000018   Code   RO         2424    i.SysTick_CLKSourceConfig  misc.o
    0x08003310   0x00000002   Code   RO          229    i.SysTick_Handler   stm32f4xx_it.o
    0x08003312   0x00000002   PAD
    0x08003314   0x0000005c   Code   RO          295    i.SystemInit        system_stm32f4xx.o
    0x08003370   0x0000002e   Code   RO         2706    i.TI1_Config        stm32f4xx_tim.o
    0x0800339e   0x00000036   Code   RO         2707    i.TI2_Config        stm32f4xx_tim.o
    0x080033d4   0x00000038   Code   RO          784    i.TIM1_UP_TIM10_IRQHandler  encodercontrol.o
    0x0800340c   0x000001fc   Code   RO          785    i.TIM2345_Encoder_Init  encodercontrol.o
    0x08003608   0x00000034   Code   RO          786    i.TIM2_IRQHandler   encodercontrol.o
    0x0800363c   0x00000038   Code   RO          787    i.TIM3_IRQHandler   encodercontrol.o
    0x08003674   0x0000003c   Code   RO          788    i.TIM5_IRQHandler   encodercontrol.o
    0x080036b0   0x0000009c   Code   RO         1250    i.TIM6_DAC_IRQHandler  tim6.o
    0x0800374c   0x0000006c   Code   RO         1251    i.TIM6_TimingInit   tim6.o
    0x080037b8   0x00000038   Code   RO          789    i.TIM8_UP_TIM13_IRQHandler  encodercontrol.o
    0x080037f0   0x00000014   Code   RO         2708    i.TIM_ARRPreloadConfig  stm32f4xx_tim.o
    0x08003804   0x00000006   Code   RO         2714    i.TIM_ClearFlag     stm32f4xx_tim.o
    0x0800380a   0x00000006   Code   RO         2715    i.TIM_ClearITPendingBit  stm32f4xx_tim.o
    0x08003810   0x00000014   Code   RO         2720    i.TIM_Cmd           stm32f4xx_tim.o
    0x08003824   0x00000016   Code   RO         2722    i.TIM_CtrlPWMOutputs  stm32f4xx_tim.o
    0x0800383a   0x00000002   PAD
    0x0800383c   0x00000150   Code   RO         2725    i.TIM_DeInit        stm32f4xx_tim.o
    0x0800398c   0x00000032   Code   RO         2729    i.TIM_EncoderInterfaceConfig  stm32f4xx_tim.o
    0x080039be   0x00000018   Code   RO         2741    i.TIM_GetITStatus   stm32f4xx_tim.o
    0x080039d6   0x000000ac   Code   RO         2743    i.TIM_ICInit        stm32f4xx_tim.o
    0x08003a82   0x00000010   Code   RO         2744    i.TIM_ICStructInit  stm32f4xx_tim.o
    0x08003a92   0x00000010   Code   RO         2745    i.TIM_ITConfig      stm32f4xx_tim.o
    0x08003aa2   0x00000002   PAD
    0x08003aa4   0x00000060   Code   RO         2749    i.TIM_OC1Init       stm32f4xx_tim.o
    0x08003b04   0x00000080   Code   RO         2754    i.TIM_OC2Init       stm32f4xx_tim.o
    0x08003b84   0x0000007c   Code   RO         2759    i.TIM_OC3Init       stm32f4xx_tim.o
    0x08003c00   0x00000060   Code   RO         2764    i.TIM_OC4Init       stm32f4xx_tim.o
    0x08003c60   0x00000004   Code   RO         2782    i.TIM_SetCompare1   stm32f4xx_tim.o
    0x08003c64   0x00000004   Code   RO         2783    i.TIM_SetCompare2   stm32f4xx_tim.o
    0x08003c68   0x00000004   Code   RO         2784    i.TIM_SetCompare3   stm32f4xx_tim.o
    0x08003c6c   0x00000004   Code   RO         2785    i.TIM_SetCompare4   stm32f4xx_tim.o
    0x08003c70   0x00000004   Code   RO         2786    i.TIM_SetCounter    stm32f4xx_tim.o
    0x08003c74   0x00000010   Code   RO         2787    i.TIM_SetIC1Prescaler  stm32f4xx_tim.o
    0x08003c84   0x00000018   Code   RO         2788    i.TIM_SetIC2Prescaler  stm32f4xx_tim.o
    0x08003c9c   0x00000010   Code   RO         2789    i.TIM_SetIC3Prescaler  stm32f4xx_tim.o
    0x08003cac   0x00000018   Code   RO         2790    i.TIM_SetIC4Prescaler  stm32f4xx_tim.o
    0x08003cc4   0x0000007c   Code   RO         2792    i.TIM_TimeBaseInit  stm32f4xx_tim.o
    0x08003d40   0x00000044   Code   RO         2284    i.TRACE_UpdatB      trace.o
    0x08003d84   0x00000050   Code   RO         2285    i.TRACE_UpdatF      trace.o
    0x08003dd4   0x00000040   Code   RO         2286    i.TRACE_UpdatL      trace.o
    0x08003e14   0x00000016   Code   RO         2287    i.TRACE_UpdatLoop   trace.o
    0x08003e2a   0x00000002   PAD
    0x08003e2c   0x00000040   Code   RO         2288    i.TRACE_UpdatR      trace.o
    0x08003e6c   0x0000001a   Code   RO         2289    i.Trace_FindBlackNum  trace.o
    0x08003e86   0x00000002   PAD
    0x08003e88   0x000000a0   Code   RO         1375    i.USART1_DmaConfig  usart.o
    0x08003f28   0x00000040   Code   RO         1376    i.USART1_DmaLoop    usart.o
    0x08003f68   0x00000030   Code   RO         1377    i.USART1_DmaSendData  usart.o
    0x08003f98   0x00000044   Code   RO         1378    i.USART1_IRQHandler  usart.o
    0x08003fdc   0x000000bc   Code   RO         1379    i.USART1_Init       usart.o
    0x08004098   0x00000038   Code   RO         1380    i.USART1_InitWithDma  usart.o
    0x080040d0   0x00000248   Code   RO         1832    i.USART2_IRQHandler  gyroscope.o
    0x08004318   0x0000023c   Code   RO         2180    i.USART3_IRQHandler  comother.o
    0x08004554   0x00000006   Code   RO         3253    i.USART_ClearFlag   stm32f4xx_usart.o
    0x0800455a   0x0000000c   Code   RO         3254    i.USART_ClearITPendingBit  stm32f4xx_usart.o
    0x08004566   0x00000014   Code   RO         3257    i.USART_Cmd         stm32f4xx_usart.o
    0x0800457a   0x00000010   Code   RO         3258    i.USART_DMACmd      stm32f4xx_usart.o
    0x0800458a   0x0000000e   Code   RO         3260    i.USART_GetFlagStatus  stm32f4xx_usart.o
    0x08004598   0x0000003e   Code   RO         3261    i.USART_GetITStatus  stm32f4xx_usart.o
    0x080045d6   0x00000030   Code   RO         3263    i.USART_ITConfig    stm32f4xx_usart.o
    0x08004606   0x00000002   PAD
    0x08004608   0x000000ac   Code   RO         3264    i.USART_Init        stm32f4xx_usart.o
    0x080046b4   0x00000008   Code   RO         3271    i.USART_ReceiveData  stm32f4xx_usart.o
    0x080046bc   0x00000002   Code   RO          230    i.UsageFault_Handler  stm32f4xx_it.o
    0x080046be   0x00000002   PAD
    0x080046c0   0x00000020   Code   RO         7446    i.__0printf         mc_w.l(printfa.o)
    0x080046e0   0x00000030   Code   RO         7613    i.__ARM_fpclassify  m_wm.l(fpclassify.o)
    0x08004710   0x00000026   Code   RO         7533    i.__ARM_fpclassifyf  m_wm.l(fpclassifyf.o)
    0x08004736   0x00000002   PAD
    0x08004738   0x000000c8   Code   RO         7140    i.__hardfp_cos      m_wm.l(cos.o)
    0x08004800   0x00000150   Code   RO         7152    i.__hardfp_cosf     m_wm.l(cosf.o)
    0x08004950   0x000000c8   Code   RO         7164    i.__hardfp_sin      m_wm.l(sin.o)
    0x08004a18   0x00000190   Code   RO         7176    i.__hardfp_sinf     m_wm.l(sinf.o)
    0x08004ba8   0x0000003a   Code   RO         7188    i.__hardfp_sqrtf    m_wm.l(sqrtf.o)
    0x08004be2   0x00000006   PAD
    0x08004be8   0x00000438   Code   RO         7549    i.__ieee754_rem_pio2  m_wm.l(rred.o)
    0x08005020   0x00000170   Code   RO         7516    i.__kernel_cos      m_wm.l(cos_i.o)
    0x08005190   0x000000f8   Code   RO         7615    i.__kernel_poly     m_wm.l(poly.o)
    0x08005288   0x00000130   Code   RO         7557    i.__kernel_sin      m_wm.l(sin_i.o)
    0x080053b8   0x00000014   Code   RO         7520    i.__mathlib_dbl_infnan  m_wm.l(dunder.o)
    0x080053cc   0x00000004   PAD
    0x080053d0   0x00000020   Code   RO         7522    i.__mathlib_dbl_invalid  m_wm.l(dunder.o)
    0x080053f0   0x00000020   Code   RO         7525    i.__mathlib_dbl_underflow  m_wm.l(dunder.o)
    0x08005410   0x00000006   Code   RO         7536    i.__mathlib_flt_infnan  m_wm.l(funder.o)
    0x08005416   0x00000002   PAD
    0x08005418   0x00000010   Code   RO         7538    i.__mathlib_flt_invalid  m_wm.l(funder.o)
    0x08005428   0x00000010   Code   RO         7541    i.__mathlib_flt_underflow  m_wm.l(funder.o)
    0x08005438   0x00000154   Code   RO         7554    i.__mathlib_rredf2  m_wm.l(rredf.o)
    0x0800558c   0x0000000e   Code   RO         7625    i.__scatterload_copy  mc_w.l(handlers.o)
    0x0800559a   0x00000002   Code   RO         7626    i.__scatterload_null  mc_w.l(handlers.o)
    0x0800559c   0x0000000e   Code   RO         7627    i.__scatterload_zeroinit  mc_w.l(handlers.o)
    0x080055aa   0x00000002   PAD
    0x080055ac   0x0000000c   Code   RO         7589    i.__set_errno       mc_w.l(errno.o)
    0x080055b8   0x00000164   Code   RO         7453    i._fp_digits        mc_w.l(printfa.o)
    0x0800571c   0x000006dc   Code   RO         7454    i._printf_core      mc_w.l(printfa.o)
    0x08005df8   0x00000024   Code   RO         7455    i._printf_post_padding  mc_w.l(printfa.o)
    0x08005e1c   0x0000002e   Code   RO         7456    i._printf_pre_padding  mc_w.l(printfa.o)
    0x08005e4a   0x00000002   PAD
    0x08005e4c   0x0000002c   Code   RO         2380    i.delay_init        delay.o
    0x08005e78   0x00000034   Code   RO         2381    i.delay_ms          delay.o
    0x08005eac   0x00000034   Code   RO         2383    i.delay_xms         delay.o
    0x08005ee0   0x00000018   Code   RO         7609    i.fabs              m_wm.l(fabs.o)
    0x08005ef8   0x00000034   Code   RO         1385    i.fputc             usart.o
    0x08005f2c   0x00000010   Code   RO            4    i.main              main.o
    0x08005f3c   0x00000014   Code   RO         2182    i.usart3_send       comother.o
    0x08005f50   0x00000060   Code   RO          512    i.wait_Cam_Judge    armmove.o
    0x08005fb0   0x00000030   Data   RO         7517    .constdata          m_wm.l(cos_i.o)
    0x08005fe0   0x000000c8   Data   RO         7551    .constdata          m_wm.l(rred.o)
    0x080060a8   0x00000020   Data   RO         7555    .constdata          m_wm.l(rredf.o)
    0x080060c8   0x00000028   Data   RO         7558    .constdata          m_wm.l(sin_i.o)
    0x080060f0   0x00000020   Data   RO         7623    Region$$Table       anon$$obj.o


    Execution Region RW_IRAM1 (Base: 0x20000000, Size: 0x00002988, Max: 0x00020000, ABSOLUTE)

    Base Addr    Size         Type   Attr      Idx    E Section Name        Object

    0x20000000   0x00000006   Data   RW          343    .data               runrace.o
    0x20000006   0x00000001   Data   RW          344    .data               runrace.o
    0x20000007   0x00000001   Data   RW          345    .data               runrace.o
    0x20000008   0x00000001   Data   RW          346    .data               runrace.o
    0x20000009   0x00000001   PAD
    0x2000000a   0x00000012   Data   RW          790    .data               encodercontrol.o
    0x2000001c   0x00000002   Data   RW         1168    .data               positioncontrol.o
    0x2000001e   0x00000002   PAD
    0x20000020   0x00000008   Data   RW         1252    .data               tim6.o
    0x20000028   0x00000054   Data   RW         1298    .data               speedsolve.o
    0x2000007c   0x00000004   Data   RW         1389    .data               usart.o
    0x20000080   0x00000004   Data   RW         1390    .data               usart.o
    0x20000084   0x00000028   Data   RW         1849    .data               gyroscope.o
    0x200000ac   0x0000003e   Data   RW         2186    .data               comother.o
    0x200000ea   0x00000002   PAD
    0x200000ec   0x0000000c   Data   RW         2295    .data               trace.o
    0x200000f8   0x00000004   Data   RW         2384    .data               delay.o
    0x200000fc   0x00000010   Data   RW         4012    .data               stm32f4xx_rcc.o
    0x2000010c   0x00000004   Data   RW         7590    .data               mc_w.l(errno.o)
    0x20000110   0x00000150   Zero   RW         1067    .bss                speedcontrol.o
    0x20000260   0x00000150   Zero   RW         1167    .bss                positioncontrol.o
    0x200003b0   0x00000058   Zero   RW         1297    .bss                speedsolve.o
    0x20000408   0x0000201c   Zero   RW         1386    .bss                usart.o
    0x20002424   0x00000064   Zero   RW         1847    .bss                gyroscope.o
    0x20002488   0x00000018   Zero   RW         1848    .bss                gyroscope.o
    0x200024a0   0x00000098   Zero   RW         2183    .bss                comother.o
    0x20002538   0x00000050   Zero   RW         2294    .bss                trace.o
    0x20002588   0x00000400   Zero   RW         7133    STACK               startup_stm32f40_41xxx.o


==============================================================================

Image component sizes


      Code (inc. data)   RO Data    RW Data    ZI Data      Debug   Object Name

      3452       1702          0          0          0      11530   armmove.o
       824         44          0         62        152       5898   comother.o
       148         12          0          4          0       1740   delay.o
       946         88          0         18          0       5355   encodercontrol.o
       228          0          0          0          0       4404   fifo.o
      1400        198          0         40        124       6861   gyroscope.o
        48          4          0          0          0        503   key.o
        76          6          0          0          0        523   led.o
       102          0          0          0          0      71030   main.o
       144         14          0          0          0       1877   misc.o
       818         22          0          0          0       3015   moter.o
       552         20          0          0          0       3147   pidcontrol.o
      1064         82          0          2        336       5698   positioncontrol.o
       394        108          0          9          0     233422   runrace.o
       132         16          0          0          0        574   sensor.o
       552         46          0          0        336       3948   speedcontrol.o
       692         50          0         84         88       5482   speedsolve.o
        36          8        392          0       1024        812   startup_stm32f40_41xxx.o
       688         76          0          0          0       7640   stm32f4xx_dma.o
       160          0          0          0          0       2503   stm32f4xx_gpio.o
        18          0          0          0          0       3826   stm32f4xx_it.o
       264         42          0         16          0       5429   stm32f4xx_rcc.o
      1456        112          0          0          0      16328   stm32f4xx_tim.o
       358          8          0          0          0       5867   stm32f4xx_usart.o
       272         36          0          0          0       1421   system_stm32f4xx.o
       264         38          0          8          0       1368   tim6.o
       324         34          0         12         80       3990   trace.o
       708         74          0          8       8220       7038   usart.o

    ----------------------------------------------------------------------
     16148       2840        424        268      10360     421229   Object Totals
         0          0         32          0          0          0   (incl. Generated)
        28          0          0          5          0          0   (incl. Padding)

    ----------------------------------------------------------------------

      Code (inc. data)   RO Data    RW Data    ZI Data      Debug   Library Member Name

       200         20          0          0          0        164   cos.o
       368         46         48          0          0        200   cos_i.o
       336         56          0          0          0        136   cosf.o
        84         16          0          0          0        372   dunder.o
        24          0          0          0          0        124   fabs.o
        48          0          0          0          0        124   fpclassify.o
        38          0          0          0          0        116   fpclassifyf.o
        38         12          0          0          0        348   funder.o
       248          0          0          0          0        152   poly.o
      1080        142        200          0          0        188   rred.o
       340         24         32          0          0        160   rredf.o
       200         20          0          0          0        164   sin.o
       304         24         40          0          0        208   sin_i.o
       400         56          0          0          0        212   sinf.o
        58          0          0          0          0        136   sqrtf.o
         0          0          0          0          0          0   entry.o
         0          0          0          0          0          0   entry10a.o
         0          0          0          0          0          0   entry11a.o
         8          4          0          0          0          0   entry2.o
         4          0          0          0          0          0   entry5.o
         0          0          0          0          0          0   entry7b.o
         0          0          0          0          0          0   entry8b.o
         8          4          0          0          0          0   entry9a.o
        12          6          0          4          0         68   errno.o
        30          0          0          0          0          0   handlers.o
        36          8          0          0          0         68   init.o
         0          0          0          0          0          0   iusefp.o
        98          0          0          0          0         84   ldiv.o
        30          0          0          0          0         68   llshl.o
        36          0          0          0          0         68   llsshr.o
        32          0          0          0          0         68   llushr.o
        36          0          0          0          0         68   memcpya.o
        36          0          0          0          0        108   memseta.o
      2226         90          0          0          0        444   printfa.o
        44          0          0          0          0         80   uidiv.o
        98          0          0          0          0         92   uldiv.o
        48          0          0          0          0         68   cdrcmple.o
        56          0          0          0          0         88   d2f.o
       334          0          0          0          0        148   dadd.o
       222          0          0          0          0        100   ddiv.o
       186          0          0          0          0        176   depilogue.o
        62          0          0          0          0         80   dfixi.o
        48          0          0          0          0         68   dfixul.o
        34          0          0          0          0         76   dflti.o
        26          0          0          0          0         76   dfltui.o
       228          0          0          0          0         96   dmul.o
        38          0          0          0          0         68   f2d.o
       110          0          0          0          0        168   fepilogue.o
        44          0          0          0          0         92   ffltl.o

    ----------------------------------------------------------------------
      7956        528        320          4          0       5324   Library Totals
        20          0          0          0          0          0   (incl. Padding)

    ----------------------------------------------------------------------

      Code (inc. data)   RO Data    RW Data    ZI Data      Debug   Library Name

      3766        416        320          0          0       2804   m_wm.l
      2734        112          0          4          0       1216   mc_w.l
      1436          0          0          0          0       1304   mf_w.l

    ----------------------------------------------------------------------
      7956        528        320          4          0       5324   Library Totals

    ----------------------------------------------------------------------

==============================================================================


      Code (inc. data)   RO Data    RW Data    ZI Data      Debug   

     24104       3368        744        272      10360     407857   Grand Totals
     24104       3368        744        272      10360     407857   ELF Image Totals
     24104       3368        744        272          0          0   ROM Totals

==============================================================================

    Total RO  Size (Code + RO Data)                24848 (  24.27kB)
    Total RW  Size (RW Data + ZI Data)             10632 (  10.38kB)
    Total ROM Size (Code + RO Data + RW Data)      25120 (  24.53kB)

==============================================================================

